Component: ARM Compiler 5.06 update 1 (build 61) Tool: armlink [4d35a8]

==============================================================================

Section Cross References

    startup_stm32f103xb.o(RESET) refers to startup_stm32f103xb.o(STACK) for __initial_sp
    startup_stm32f103xb.o(RESET) refers to startup_stm32f103xb.o(.text) for Reset_Handler
    startup_stm32f103xb.o(RESET) refers to stm32f1xx_it.o(i.NMI_Handler) for NMI_Handler
    startup_stm32f103xb.o(RESET) refers to stm32f1xx_it.o(i.HardFault_Handler) for HardFault_Handler
    startup_stm32f103xb.o(RESET) refers to stm32f1xx_it.o(i.MemManage_Handler) for MemManage_Handler
    startup_stm32f103xb.o(RESET) refers to stm32f1xx_it.o(i.BusFault_Handler) for BusFault_Handler
    startup_stm32f103xb.o(RESET) refers to stm32f1xx_it.o(i.UsageFault_Handler) for UsageFault_Handler
    startup_stm32f103xb.o(RESET) refers to stm32f1xx_it.o(i.SVC_Handler) for SVC_Handler
    startup_stm32f103xb.o(RESET) refers to stm32f1xx_it.o(i.DebugMon_Handler) for DebugMon_Handler
    startup_stm32f103xb.o(RESET) refers to stm32f1xx_it.o(i.PendSV_Handler) for PendSV_Handler
    startup_stm32f103xb.o(RESET) refers to stm32f1xx_it.o(i.SysTick_Handler) for SysTick_Handler
    startup_stm32f103xb.o(RESET) refers to stm32f1xx_it.o(i.USART1_IRQHandler) for USART1_IRQHandler
    startup_stm32f103xb.o(.text) refers to system_stm32f1xx.o(i.SystemInit) for SystemInit
    startup_stm32f103xb.o(.text) refers to entry.o(.ARM.Collect$$$$00000000) for __main
    main.o(i.HAL_UART_TxCpltCallback) refers to main.o(.data) for USART1Ready
    main.o(i.SystemClock_Config) refers to stm32f1xx_hal_rcc.o(i.HAL_RCC_OscConfig) for HAL_RCC_OscConfig
    main.o(i.SystemClock_Config) refers to main.o(i._Error_Handler) for _Error_Handler
    main.o(i.SystemClock_Config) refers to stm32f1xx_hal_rcc.o(i.HAL_RCC_ClockConfig) for HAL_RCC_ClockConfig
    main.o(i.SystemClock_Config) refers to stm32f1xx_hal_rcc.o(i.HAL_RCC_GetHCLKFreq) for HAL_RCC_GetHCLKFreq
    main.o(i.SystemClock_Config) refers to stm32f1xx_hal_cortex.o(i.HAL_SYSTICK_Config) for HAL_SYSTICK_Config
    main.o(i.SystemClock_Config) refers to stm32f1xx_hal_cortex.o(i.HAL_SYSTICK_CLKSourceConfig) for HAL_SYSTICK_CLKSourceConfig
    main.o(i.SystemClock_Config) refers to stm32f1xx_hal_cortex.o(i.HAL_NVIC_SetPriority) for HAL_NVIC_SetPriority
    main.o(i.fputc) refers to stm32f1xx_hal_uart.o(i.HAL_UART_Transmit_IT) for HAL_UART_Transmit_IT
    main.o(i.fputc) refers to usart.o(.bss) for huart1
    main.o(i.fputc) refers to main.o(.data) for USART1Ready
    main.o(i.main) refers to stm32f1xx_hal.o(i.HAL_Init) for HAL_Init
    main.o(i.main) refers to main.o(i.SystemClock_Config) for SystemClock_Config
    main.o(i.main) refers to gpio.o(i.MX_GPIO_Init) for MX_GPIO_Init
    main.o(i.main) refers to usart.o(i.MX_USART1_UART_Init) for MX_USART1_UART_Init
    main.o(i.main) refers to si7020_iic.o(i.SI7020_IIC_Init) for SI7020_IIC_Init
    main.o(i.main) refers to pcf8563.o(i.PCF8563_IIC_Init) for PCF8563_IIC_Init
    main.o(i.main) refers to pcf8563.o(i.PCF8563_WriteTime) for PCF8563_WriteTime
    main.o(i.main) refers to bh1750.o(i.BH1750_IIC_Init) for BH1750_IIC_Init
    main.o(i.main) refers to bh1750.o(i.singleWriteBH1750) for singleWriteBH1750
    main.o(i.main) refers to tm1638.o(i.TM1638_Init) for TM1638_Init
    main.o(i.main) refers to printfa.o(i.__0printf) for __2printf
    main.o(i.main) refers to main.o(i.delay) for delay
    main.o(i.main) refers to si7020_iic.o(i.si7020Measure) for si7020Measure
    main.o(i.main) refers to dmul.o(.text) for __aeabi_dmul
    main.o(i.main) refers to dfixi.o(.text) for __aeabi_d2iz
    main.o(i.main) refers to pcf8563.o(i.PCF8563_ReadTime) for PCF8563_ReadTime
    main.o(i.main) refers to bh1750.o(i.multipleReadBH1750) for multipleReadBH1750
    main.o(i.main) refers to dfixui.o(.text) for __aeabi_d2uiz
    main.o(i.main) refers to tm1638.o(i.display) for display
    main.o(i.main) refers to hal_dev_ctrl.o(i.task_handle) for task_handle
    main.o(i.main) refers to main.o(.data) for si7020_humidity
    main.o(i.main) refers to main.o(.bss) for displayNumber
    gpio.o(i.MX_GPIO_Init) refers to stm32f1xx_hal_gpio.o(i.HAL_GPIO_Init) for HAL_GPIO_Init
    usart.o(i.HAL_UART_MspDeInit) refers to stm32f1xx_hal_gpio.o(i.HAL_GPIO_DeInit) for HAL_GPIO_DeInit
    usart.o(i.HAL_UART_MspDeInit) refers to stm32f1xx_hal_cortex.o(i.HAL_NVIC_DisableIRQ) for HAL_NVIC_DisableIRQ
    usart.o(i.HAL_UART_MspInit) refers to stm32f1xx_hal_gpio.o(i.HAL_GPIO_Init) for HAL_GPIO_Init
    usart.o(i.HAL_UART_MspInit) refers to stm32f1xx_hal_cortex.o(i.HAL_NVIC_SetPriority) for HAL_NVIC_SetPriority
    usart.o(i.HAL_UART_MspInit) refers to stm32f1xx_hal_cortex.o(i.HAL_NVIC_EnableIRQ) for HAL_NVIC_EnableIRQ
    usart.o(i.MX_USART1_UART_Init) refers to stm32f1xx_hal_uart.o(i.HAL_UART_Init) for HAL_UART_Init
    usart.o(i.MX_USART1_UART_Init) refers to main.o(i._Error_Handler) for _Error_Handler
[...]
    printfa.o(i._printf_post_padding) refers (Special) to iusefp.o(.text) for __I$use$fp
    printfa.o(i._printf_pre_padding) refers (Special) to iusefp.o(.text) for __I$use$fp
    printfa.o(i._snputc) refers (Special) to iusefp.o(.text) for __I$use$fp
    printfa.o(i._sputc) refers (Special) to iusefp.o(.text) for __I$use$fp
    dadd.o(.text) refers (Special) to iusefp.o(.text) for __I$use$fp
    dadd.o(.text) refers to llshl.o(.text) for __aeabi_llsl
    dadd.o(.text) refers to llsshr.o(.text) for __aeabi_lasr
    dadd.o(.text) refers to depilogue.o(.text) for _double_epilogue
    dmul.o(.text) refers (Special) to iusefp.o(.text) for __I$use$fp
    dmul.o(.text) refers to depilogue.o(.text) for _double_epilogue
    ddiv.o(.text) refers (Special) to iusefp.o(.text) for __I$use$fp
    ddiv.o(.text) refers to depilogue.o(.text) for _double_round
    fflti.o(.text) refers (Special) to iusefp.o(.text) for __I$use$fp
    fflti.o(.text) refers to fepilogue.o(.text) for _float_epilogue
    dfltui.o(.text) refers (Special) to iusefp.o(.text) for __I$use$fp
    dfltui.o(.text) refers to depilogue.o(.text) for _double_epilogue
    dfixi.o(.text) refers (Special) to iusefp.o(.text) for __I$use$fp
    dfixi.o(.text) refers to llushr.o(.text) for __aeabi_llsr
    dfixui.o(.text) refers (Special) to iusefp.o(.text) for __I$use$fp
    dfixui.o(.text) refers to llushr.o(.text) for __aeabi_llsr
    f2d.o(.text) refers (Special) to iusefp.o(.text) for __I$use$fp
    d2f.o(.text) refers (Special) to iusefp.o(.text) for __I$use$fp
    d2f.o(.text) refers to fepilogue.o(.text) for _float_round
    entry2.o(.ARM.Collect$$$$00000001) refers to entry2.o(.ARM.Collect$$$$00002712) for __lit__00000000
    entry2.o(.ARM.Collect$$$$00002712) refers to startup_stm32f103xb.o(STACK) for __initial_sp
    entry2.o(__vectab_stack_and_reset_area) refers to startup_stm32f103xb.o(STACK) for __initial_sp
    entry2.o(__vectab_stack_and_reset_area) refers to entry.o(.ARM.Collect$$$$00000000) for __main
    entry5.o(.ARM.Collect$$$$00000004) refers to init.o(.text) for __scatterload
    entry9a.o(.ARM.Collect$$$$0000000B) refers to main.o(i.main) for main
    entry9b.o(.ARM.Collect$$$$0000000C) refers to main.o(i.main) for main
    uldiv.o(.text) refers to llushr.o(.text) for __aeabi_llsr
    uldiv.o(.text) refers to llshl.o(.text) for __aeabi_llsl
    depilogue.o(.text) refers to llshl.o(.text) for __aeabi_llsl
    depilogue.o(.text) refers to llushr.o(.text) for __aeabi_llsr
    dfixul.o(.text) refers to llushr.o(.text) for __aeabi_llsr
    dfixul.o(.text) refers to llshl.o(.text) for __aeabi_llsl
    init.o(.text) refers to entry5.o(.ARM.Collect$$$$00000004) for __main_after_scatterload


==============================================================================

Removing Unused input sections from the image.

    Removing startup_stm32f103xb.o(HEAP), (512 bytes).
    Removing main.o(.rev16_text), (4 bytes).
    Removing main.o(.revsh_text), (4 bytes).
    Removing main.o(.rrx_text), (6 bytes).
    Removing gpio.o(.rev16_text), (4 bytes).
    Removing gpio.o(.revsh_text), (4 bytes).
    Removing gpio.o(.rrx_text), (6 bytes).
    Removing usart.o(.rev16_text), (4 bytes).
    Removing usart.o(.revsh_text), (4 bytes).
    Removing usart.o(.rrx_text), (6 bytes).
    Removing usart.o(i.HAL_UART_MspDeInit), (56 bytes).
    Removing stm32f1xx_it.o(.rev16_text), (4 bytes).
    Removing stm32f1xx_it.o(.revsh_text), (4 bytes).
    Removing stm32f1xx_it.o(.rrx_text), (6 bytes).
    Removing stm32f1xx_hal_msp.o(.rev16_text), (4 bytes).
    Removing stm32f1xx_hal_msp.o(.revsh_text), (4 bytes).
    Removing stm32f1xx_hal_msp.o(.rrx_text), (6 bytes).
    Removing stm32f1xx_hal_gpio_ex.o(.rev16_text), (4 bytes).
    Removing stm32f1xx_hal_gpio_ex.o(.revsh_text), (4 bytes).
    Removing stm32f1xx_hal_gpio_ex.o(.rrx_text), (6 bytes).
    Removing stm32f1xx_hal_gpio_ex.o(i.HAL_GPIOEx_ConfigEventout), (24 bytes).
    Removing stm32f1xx_hal_gpio_ex.o(i.HAL_GPIOEx_DisableEventout), (20 bytes).
    Removing stm32f1xx_hal_gpio_ex.o(i.HAL_GPIOEx_EnableEventout), (20 bytes).
    Removing stm32f1xx_hal_tim.o(.rev16_text), (4 bytes).
    Removing stm32f1xx_hal_tim.o(.revsh_text), (4 bytes).
    Removing stm32f1xx_hal_tim.o(.rrx_text), (6 bytes).
    Removing stm32f1xx_hal_tim_ex.o(.rev16_text), (4 bytes).
    Removing stm32f1xx_hal_tim_ex.o(.revsh_text), (4 bytes).
    Removing stm32f1xx_hal_tim_ex.o(.rrx_text), (6 bytes).
    Removing stm32f1xx_hal_uart.o(.rev16_text), (4 bytes).
    Removing stm32f1xx_hal_uart.o(.revsh_text), (4 bytes).
    Removing stm32f1xx_hal_uart.o(.rrx_text), (6 bytes).
    Removing stm32f1xx_hal_uart.o(i.HAL_HalfDuplex_EnableReceiver), (68 bytes).
    Removing stm32f1xx_hal_uart.o(i.HAL_HalfDuplex_EnableTransmitter), (68 bytes).
    Removing stm32f1xx_hal_uart.o(i.HAL_HalfDuplex_Init), (118 bytes).
    Removing stm32f1xx_hal_uart.o(i.HAL_LIN_Init), (134 bytes).
    Removing stm32f1xx_hal_uart.o(i.HAL_LIN_SendBreak), (62 bytes).
    Removing stm32f1xx_hal_uart.o(i.HAL_MultiProcessor_EnterMuteMode), (62 bytes).
    Removing stm32f1xx_hal_uart.o(i.HAL_MultiProcessor_ExitMuteMode), (62 bytes).
    Removing stm32f1xx_hal_uart.o(i.HAL_MultiProcessor_Init), (138 bytes).
    Removing stm32f1xx_hal_uart.o(i.HAL_UART_Abort), (126 bytes).
    Removing stm32f1xx_hal_uart.o(i.HAL_UART_AbortCpltCallback), (2 bytes).
    Removing stm32f1xx_hal_uart.o(i.HAL_UART_AbortReceive), (80 bytes).
    Removing stm32f1xx_hal_uart.o(i.HAL_UART_AbortReceiveCpltCallback), (2 bytes).
    Removing stm32f1xx_hal_uart.o(i.HAL_UART_AbortReceive_IT), (120 bytes).
    Removing stm32f1xx_hal_uart.o(i.HAL_UART_AbortTransmit), (68 bytes).
    Removing stm32f1xx_hal_uart.o(i.HAL_UART_AbortTransmitCpltCallback), (2 bytes).
    Removing stm32f1xx_hal_uart.o(i.HAL_UART_AbortTransmit_IT), (108 bytes).
    Removing stm32f1xx_hal_uart.o(i.HAL_UART_Abort_IT), (216 bytes).
    Removing stm32f1xx_hal_uart.o(i.HAL_UART_DMAPause), (124 bytes).
    Removing stm32f1xx_hal_uart.o(i.HAL_UART_DMAResume), (126 bytes).
    Removing stm32f1xx_hal_uart.o(i.HAL_UART_DMAStop), (102 bytes).
    Removing stm32f1xx_hal_uart.o(i.HAL_UART_DeInit), (46 bytes).
    Removing stm32f1xx_hal_uart.o(i.HAL_UART_GetError), (6 bytes).
    Removing stm32f1xx_hal_uart.o(i.HAL_UART_GetState), (20 bytes).
    Removing stm32f1xx_hal_uart.o(i.HAL_UART_MspDeInit), (2 bytes).
    Removing stm32f1xx_hal_uart.o(i.HAL_UART_MspInit), (2 bytes).
    Removing stm32f1xx_hal_uart.o(i.HAL_UART_Receive), (222 bytes).
    Removing stm32f1xx_hal_uart.o(i.HAL_UART_Receive_DMA), (196 bytes).
    Removing stm32f1xx_hal_uart.o(i.HAL_UART_Receive_IT), (112 bytes).
    Removing stm32f1xx_hal_uart.o(i.HAL_UART_RxHalfCpltCallback), (2 bytes).
    Removing stm32f1xx_hal_uart.o(i.HAL_UART_Transmit), (214 bytes).
    Removing stm32f1xx_hal_uart.o(i.HAL_UART_Transmit_DMA), (156 bytes).
    Removing stm32f1xx_hal_uart.o(i.HAL_UART_TxCpltCallback), (2 bytes).
    Removing stm32f1xx_hal_uart.o(i.HAL_UART_TxHalfCpltCallback), (2 bytes).
    Removing stm32f1xx_hal_uart.o(i.UART_DMAError), (80 bytes).
    Removing stm32f1xx_hal_uart.o(i.UART_DMAReceiveCplt), (70 bytes).
    Removing stm32f1xx_hal_uart.o(i.UART_DMARxAbortCallback), (52 bytes).
    Removing stm32f1xx_hal_uart.o(i.UART_DMARxHalfCplt), (14 bytes).
    Removing stm32f1xx_hal_uart.o(i.UART_DMARxOnlyAbortCallback), (24 bytes).
    Removing stm32f1xx_hal_uart.o(i.UART_DMATransmitCplt), (54 bytes).
    Removing stm32f1xx_hal_uart.o(i.UART_DMATxAbortCallback), (52 bytes).
    Removing stm32f1xx_hal_uart.o(i.UART_DMATxHalfCplt), (14 bytes).
    Removing stm32f1xx_hal_uart.o(i.UART_DMATxOnlyAbortCallback), (24 bytes).
    Removing stm32f1xx_hal_uart.o(i.UART_EndTxTransfer), (20 bytes).
    Removing stm32f1xx_hal_uart.o(i.UART_WaitOnFlagUntilTimeout), (108 bytes).
    Removing stm32f1xx_hal.o(.rev16_text), (4 bytes).
    Removing stm32f1xx_hal.o(.revsh_text), (4 bytes).
    Removing stm32f1xx_hal.o(.rrx_text), (6 bytes).
    Removing stm32f1xx_hal.o(i.HAL_DBGMCU_DisableDBGSleepMode), (20 bytes).
    Removing stm32f1xx_hal.o(i.HAL_DBGMCU_DisableDBGStandbyMode), (20 bytes).
    Removing stm32f1xx_hal.o(i.HAL_DBGMCU_DisableDBGStopMode), (20 bytes).
    Removing stm32f1xx_hal.o(i.HAL_DBGMCU_EnableDBGSleepMode), (20 bytes).
    Removing stm32f1xx_hal.o(i.HAL_DBGMCU_EnableDBGStandbyMode), (20 bytes).
    Removing stm32f1xx_hal.o(i.HAL_DBGMCU_EnableDBGStopMode), (20 bytes).
    Removing stm32f1xx_hal.o(i.HAL_DeInit), (36 bytes).
    Removing stm32f1xx_hal.o(i.HAL_Delay), (40 bytes).
    Removing stm32f1xx_hal.o(i.HAL_GetDEVID), (16 bytes).
    Removing stm32f1xx_hal.o(i.HAL_GetHalVersion), (8 bytes).
    Removing stm32f1xx_hal.o(i.HAL_GetREVID), (12 bytes).
    Removing stm32f1xx_hal.o(i.HAL_GetTickFreq), (12 bytes).
    Removing stm32f1xx_hal.o(i.HAL_GetTickPrio), (12 bytes).
    Removing stm32f1xx_hal.o(i.HAL_GetUID), (28 bytes).
    Removing stm32f1xx_hal.o(i.HAL_MspDeInit), (2 bytes).
    Removing stm32f1xx_hal.o(i.HAL_MspInit), (2 bytes).
    Removing stm32f1xx_hal.o(i.HAL_ResumeTick), (18 bytes).
    Removing stm32f1xx_hal.o(i.HAL_SetTickFreq), (40 bytes).
    Removing stm32f1xx_hal.o(i.HAL_SuspendTick), (18 bytes).
    Removing stm32f1xx_hal_rcc.o(.rev16_text), (4 bytes).
    Removing stm32f1xx_hal_rcc.o(.revsh_text), (4 bytes).
    Removing stm32f1xx_hal_rcc.o(.rrx_text), (6 bytes).
    Removing stm32f1xx_hal_rcc.o(i.HAL_RCC_CSSCallback), (2 bytes).
    Removing stm32f1xx_hal_rcc.o(i.HAL_RCC_DeInit), (264 bytes).
    Removing stm32f1xx_hal_rcc.o(i.HAL_RCC_DisableCSS), (12 bytes).
    Removing stm32f1xx_hal_rcc.o(i.HAL_RCC_EnableCSS), (12 bytes).
    Removing stm32f1xx_hal_rcc.o(i.HAL_RCC_GetClockConfig), (68 bytes).
    Removing stm32f1xx_hal_rcc.o(i.HAL_RCC_GetOscConfig), (200 bytes).
    Removing stm32f1xx_hal_rcc.o(i.HAL_RCC_MCOConfig), (100 bytes).
    Removing stm32f1xx_hal_rcc.o(i.HAL_RCC_NMI_IRQHandler), (32 bytes).
    Removing stm32f1xx_hal_rcc_ex.o(.rev16_text), (4 bytes).
    Removing stm32f1xx_hal_rcc_ex.o(.revsh_text), (4 bytes).
    Removing stm32f1xx_hal_rcc_ex.o(.rrx_text), (6 bytes).
    Removing stm32f1xx_hal_rcc_ex.o(i.HAL_RCCEx_GetPeriphCLKConfig), (60 bytes).
    Removing stm32f1xx_hal_rcc_ex.o(i.HAL_RCCEx_GetPeriphCLKFreq), (288 bytes).
    Removing stm32f1xx_hal_rcc_ex.o(i.HAL_RCCEx_PeriphCLKConfig), (304 bytes).
    Removing stm32f1xx_hal_gpio.o(.rev16_text), (4 bytes).
    Removing stm32f1xx_hal_gpio.o(.revsh_text), (4 bytes).
    Removing stm32f1xx_hal_gpio.o(.rrx_text), (6 bytes).
    Removing stm32f1xx_hal_gpio.o(i.HAL_GPIO_DeInit), (312 bytes).
    Removing stm32f1xx_hal_gpio.o(i.HAL_GPIO_EXTI_Callback), (2 bytes).
    Removing stm32f1xx_hal_gpio.o(i.HAL_GPIO_EXTI_IRQHandler), (28 bytes).
    Removing stm32f1xx_hal_gpio.o(i.HAL_GPIO_LockPin), (46 bytes).
    Removing stm32f1xx_hal_gpio.o(i.HAL_GPIO_TogglePin), (8 bytes).
    Removing stm32f1xx_hal_dma.o(.rev16_text), (4 bytes).
    Removing stm32f1xx_hal_dma.o(.revsh_text), (4 bytes).
    Removing stm32f1xx_hal_dma.o(.rrx_text), (6 bytes).
    Removing stm32f1xx_hal_dma.o(i.DMA_SetConfig), (44 bytes).
    Removing stm32f1xx_hal_dma.o(i.HAL_DMA_Abort), (58 bytes).
    Removing stm32f1xx_hal_dma.o(i.HAL_DMA_DeInit), (96 bytes).
    Removing stm32f1xx_hal_dma.o(i.HAL_DMA_GetError), (6 bytes).
    Removing stm32f1xx_hal_dma.o(i.HAL_DMA_GetState), (8 bytes).
    Removing stm32f1xx_hal_dma.o(i.HAL_DMA_IRQHandler), (412 bytes).
    Removing stm32f1xx_hal_dma.o(i.HAL_DMA_Init), (112 bytes).
    Removing stm32f1xx_hal_dma.o(i.HAL_DMA_PollForTransfer), (692 bytes).
    Removing stm32f1xx_hal_dma.o(i.HAL_DMA_RegisterCallback), (90 bytes).
    Removing stm32f1xx_hal_dma.o(i.HAL_DMA_Start), (114 bytes).
    Removing stm32f1xx_hal_dma.o(i.HAL_DMA_Start_IT), (156 bytes).
    Removing stm32f1xx_hal_dma.o(i.HAL_DMA_UnRegisterCallback), (106 bytes).
    Removing stm32f1xx_hal_cortex.o(.rev16_text), (4 bytes).
    Removing stm32f1xx_hal_cortex.o(.revsh_text), (4 bytes).
    Removing stm32f1xx_hal_cortex.o(.rrx_text), (6 bytes).
    Removing stm32f1xx_hal_cortex.o(i.HAL_NVIC_ClearPendingIRQ), (28 bytes).
    Removing stm32f1xx_hal_cortex.o(i.HAL_NVIC_DisableIRQ), (28 bytes).
    Removing stm32f1xx_hal_cortex.o(i.HAL_NVIC_GetActive), (40 bytes).
    Removing stm32f1xx_hal_cortex.o(i.HAL_NVIC_GetPendingIRQ), (40 bytes).
    Removing stm32f1xx_hal_cortex.o(i.HAL_NVIC_GetPriority), (148 bytes).
    Removing stm32f1xx_hal_cortex.o(i.HAL_NVIC_GetPriorityGrouping), (8 bytes).
    Removing stm32f1xx_hal_cortex.o(i.HAL_NVIC_SetPendingIRQ), (28 bytes).
    Removing stm32f1xx_hal_cortex.o(i.HAL_NVIC_SystemReset), (68 bytes).
    Removing stm32f1xx_hal_pwr.o(.rev16_text), (4 bytes).
    Removing stm32f1xx_hal_pwr.o(.revsh_text), (4 bytes).
    Removing stm32f1xx_hal_pwr.o(.rrx_text), (6 bytes).
    Removing stm32f1xx_hal_pwr.o(i.HAL_PWR_ConfigPVD), (180 bytes).
    Removing stm32f1xx_hal_pwr.o(i.HAL_PWR_DeInit), (28 bytes).
    Removing stm32f1xx_hal_pwr.o(i.HAL_PWR_DisableBkUpAccess), (12 bytes).
    Removing stm32f1xx_hal_pwr.o(i.HAL_PWR_DisablePVD), (12 bytes).
    Removing stm32f1xx_hal_pwr.o(i.HAL_PWR_DisableSEVOnPend), (20 bytes).
    Removing stm32f1xx_hal_pwr.o(i.HAL_PWR_DisableSleepOnExit), (20 bytes).
    Removing stm32f1xx_hal_pwr.o(i.HAL_PWR_DisableWakeUpPin), (28 bytes).
    Removing stm32f1xx_hal_pwr.o(i.HAL_PWR_EnableBkUpAccess), (12 bytes).
    Removing stm32f1xx_hal_pwr.o(i.HAL_PWR_EnablePVD), (12 bytes).
    Removing stm32f1xx_hal_pwr.o(i.HAL_PWR_EnableSEVOnPend), (20 bytes).
    Removing stm32f1xx_hal_pwr.o(i.HAL_PWR_EnableSleepOnExit), (20 bytes).
    Removing stm32f1xx_hal_pwr.o(i.HAL_PWR_EnableWakeUpPin), (28 bytes).
    Removing stm32f1xx_hal_pwr.o(i.HAL_PWR_EnterSLEEPMode), (32 bytes).
    Removing stm32f1xx_hal_pwr.o(i.HAL_PWR_EnterSTANDBYMode), (40 bytes).
    Removing stm32f1xx_hal_pwr.o(i.HAL_PWR_EnterSTOPMode), (84 bytes).
    Removing stm32f1xx_hal_pwr.o(i.HAL_PWR_PVDCallback), (2 bytes).
    Removing stm32f1xx_hal_pwr.o(i.HAL_PWR_PVD_IRQHandler), (32 bytes).
    Removing stm32f1xx_hal_pwr.o(i.PWR_OverloadWfe), (6 bytes).
    Removing stm32f1xx_hal_flash.o(.rev16_text), (4 bytes).
    Removing stm32f1xx_hal_flash.o(.revsh_text), (4 bytes).
    Removing stm32f1xx_hal_flash.o(.rrx_text), (6 bytes).
    Removing stm32f1xx_hal_flash.o(i.FLASH_Program_HalfWord), (32 bytes).
    Removing stm32f1xx_hal_flash.o(i.FLASH_SetErrorCode), (132 bytes).
    Removing stm32f1xx_hal_flash.o(i.FLASH_WaitForLastOperation), (112 bytes).
    Removing stm32f1xx_hal_flash.o(i.HAL_FLASH_EndOfOperationCallback), (2 bytes).
    Removing stm32f1xx_hal_flash.o(i.HAL_FLASH_GetError), (12 bytes).
    Removing stm32f1xx_hal_flash.o(i.HAL_FLASH_IRQHandler), (384 bytes).
    Removing stm32f1xx_hal_flash.o(i.HAL_FLASH_Lock), (20 bytes).
    Removing stm32f1xx_hal_flash.o(i.HAL_FLASH_OB_Launch), (8 bytes).
    Removing stm32f1xx_hal_flash.o(i.HAL_FLASH_OB_Lock), (20 bytes).
    Removing stm32f1xx_hal_flash.o(i.HAL_FLASH_OB_Unlock), (44 bytes).
    Removing stm32f1xx_hal_flash.o(i.HAL_FLASH_OperationErrorCallback), (2 bytes).
    Removing stm32f1xx_hal_flash.o(i.HAL_FLASH_Program), (176 bytes).
    Removing stm32f1xx_hal_flash.o(i.HAL_FLASH_Program_IT), (124 bytes).
    Removing stm32f1xx_hal_flash.o(i.HAL_FLASH_Unlock), (48 bytes).
    Removing stm32f1xx_hal_flash.o(.bss), (32 bytes).
    Removing stm32f1xx_hal_flash_ex.o(.rev16_text), (4 bytes).
    Removing stm32f1xx_hal_flash_ex.o(.revsh_text), (4 bytes).
    Removing stm32f1xx_hal_flash_ex.o(.rrx_text), (6 bytes).
    Removing stm32f1xx_hal_flash_ex.o(i.FLASH_MassErase), (40 bytes).
    Removing stm32f1xx_hal_flash_ex.o(i.FLASH_OB_DisableWRP), (232 bytes).
    Removing stm32f1xx_hal_flash_ex.o(i.FLASH_OB_EnableWRP), (236 bytes).
    Removing stm32f1xx_hal_flash_ex.o(i.FLASH_OB_GetRDP), (28 bytes).
    Removing stm32f1xx_hal_flash_ex.o(i.FLASH_OB_GetUser), (16 bytes).
    Removing stm32f1xx_hal_flash_ex.o(i.FLASH_OB_GetWRP), (12 bytes).
    Removing stm32f1xx_hal_flash_ex.o(i.FLASH_OB_ProgramData), (76 bytes).
    Removing stm32f1xx_hal_flash_ex.o(i.FLASH_OB_RDP_LevelConfig), (124 bytes).
    Removing stm32f1xx_hal_flash_ex.o(i.FLASH_OB_UserConfig), (84 bytes).
    Removing stm32f1xx_hal_flash_ex.o(i.FLASH_PageErase), (40 bytes).
    Removing stm32f1xx_hal_flash_ex.o(i.HAL_FLASHEx_Erase), (176 bytes).
    Removing stm32f1xx_hal_flash_ex.o(i.HAL_FLASHEx_Erase_IT), (100 bytes).
    Removing stm32f1xx_hal_flash_ex.o(i.HAL_FLASHEx_OBErase), (96 bytes).
    Removing stm32f1xx_hal_flash_ex.o(i.HAL_FLASHEx_OBGetConfig), (28 bytes).
    Removing stm32f1xx_hal_flash_ex.o(i.HAL_FLASHEx_OBGetUserData), (40 bytes).
    Removing stm32f1xx_hal_flash_ex.o(i.HAL_FLASHEx_OBProgram), (200 bytes).
    Removing system_stm32f1xx.o(.rev16_text), (4 bytes).
    Removing system_stm32f1xx.o(.revsh_text), (4 bytes).
    Removing system_stm32f1xx.o(.rrx_text), (6 bytes).
    Removing system_stm32f1xx.o(i.SystemCoreClockUpdate), (164 bytes).
    Removing si7020_iic.o(.rev16_text), (4 bytes).
    Removing si7020_iic.o(.revsh_text), (4 bytes).
    Removing si7020_iic.o(.rrx_text), (6 bytes).
    Removing pcf8563.o(.rev16_text), (4 bytes).
    Removing pcf8563.o(.revsh_text), (4 bytes).
    Removing pcf8563.o(.rrx_text), (6 bytes).
    Removing bh1750.o(.rev16_text), (4 bytes).
    Removing bh1750.o(.revsh_text), (4 bytes).
    Removing bh1750.o(.rrx_text), (6 bytes).
    Removing tm1638.o(.rev16_text), (4 bytes).
    Removing tm1638.o(.revsh_text), (4 bytes).
    Removing tm1638.o(.rrx_text), (6 bytes).
    Removing tm1638.o(i.writeAllLED), (52 bytes).
    Removing hal_dev_ctrl.o(.rev16_text), (4 bytes).
    Removing hal_dev_ctrl.o(.revsh_text), (4 bytes).
    Removing hal_dev_ctrl.o(.rrx_text), (6 bytes).

227 unused section(s) (total 12114 bytes) removed from the image.

==============================================================================

Image Symbol Table

    Local Symbols

    Symbol Name                              Value     Ov Type        Size  Object(Section)

    ..//Src/system_stm32f1xx.c               0x00000000   Number         0  system_stm32f1xx.o ABSOLUTE
    ../Drivers/STM32F1xx_HAL_Driver/Src/stm32f1xx_hal.c 0x00000000   Number         0  stm32f1xx_hal.o ABSOLUTE
    ../Drivers/STM32F1xx_HAL_Driver/Src/stm32f1xx_hal_cortex.c 0x00000000   Number         0  stm32f1xx_hal_cortex.o ABSOLUTE
    ../Drivers/STM32F1xx_HAL_Driver/Src/stm32f1xx_hal_dma.c 0x00000000   Number         0  stm32f1xx_hal_dma.o ABSOLUTE
    ../Drivers/STM32F1xx_HAL_Driver/Src/stm32f1xx_hal_flash.c 0x00000000   Number         0  stm32f1xx_hal_flash.o ABSOLUTE
    ../Drivers/STM32F1xx_HAL_Driver/Src/stm32f1xx_hal_flash_ex.c 0x00000000   Number         0  stm32f1xx_hal_flash_ex.o ABSOLUTE
    ../Drivers/STM32F1xx_HAL_Driver/Src/stm32f1xx_hal_gpio.c 0x00000000   Number         0  stm32f1xx_hal_gpio.o ABSOLUTE
    ../Drivers/STM32F1xx_HAL_Driver/Src/stm32f1xx_hal_gpio_ex.c 0x00000000   Number         0  stm32f1xx_hal_gpio_ex.o ABSOLUTE
    ../Drivers/STM32F1xx_HAL_Driver/Src/stm32f1xx_hal_pwr.c 0x00000000   Number         0  stm32f1xx_hal_pwr.o ABSOLUTE
    ../Drivers/STM32F1xx_HAL_Driver/Src/stm32f1xx_hal_rcc.c 0x00000000   Number         0  stm32f1xx_hal_rcc.o ABSOLUTE
    ../Drivers/STM32F1xx_HAL_Driver/Src/stm32f1xx_hal_rcc_ex.c 0x00000000   Number         0  stm32f1xx_hal_rcc_ex.o ABSOLUTE
    ../Drivers/STM32F1xx_HAL_Driver/Src/stm32f1xx_hal_tim.c 0x00000000   Number         0  stm32f1xx_hal_tim.o ABSOLUTE
    ../Drivers/STM32F1xx_HAL_Driver/Src/stm32f1xx_hal_tim_ex.c 0x00000000   Number         0  stm32f1xx_hal_tim_ex.o ABSOLUTE
    ../Drivers/STM32F1xx_HAL_Driver/Src/stm32f1xx_hal_uart.c 0x00000000   Number         0  stm32f1xx_hal_uart.o ABSOLUTE
    ../Src/gpio.c                            0x00000000   Number         0  gpio.o ABSOLUTE
    ../Src/main.c                            0x00000000   Number         0  main.o ABSOLUTE
    ../Src/stm32f1xx_hal_msp.c               0x00000000   Number         0  stm32f1xx_hal_msp.o ABSOLUTE
    ../Src/stm32f1xx_it.c                    0x00000000   Number         0  stm32f1xx_it.o ABSOLUTE
    ../Src/usart.c                           0x00000000   Number         0  usart.o ABSOLUTE
    ../clib/microlib/division.c              0x00000000   Number         0  uldiv.o ABSOLUTE
    ../clib/microlib/division.c              0x00000000   Number         0  uidiv.o ABSOLUTE
    ../clib/microlib/init/entry.s            0x00000000   Number         0  entry7b.o ABSOLUTE
    ../clib/microlib/init/entry.s            0x00000000   Number         0  entry.o ABSOLUTE
    ../clib/microlib/init/entry.s            0x00000000   Number         0  entry11a.o ABSOLUTE
    ../clib/microlib/init/entry.s            0x00000000   Number         0  entry8b.o ABSOLUTE
    ../clib/microlib/init/entry.s            0x00000000   Number         0  entry10b.o ABSOLUTE
    ../clib/microlib/init/entry.s            0x00000000   Number         0  entry8a.o ABSOLUTE
    ../clib/microlib/init/entry.s            0x00000000   Number         0  entry9a.o ABSOLUTE
    ../clib/microlib/init/entry.s            0x00000000   Number         0  entry10a.o ABSOLUTE
    ../clib/microlib/init/entry.s            0x00000000   Number         0  entry5.o ABSOLUTE
    ../clib/microlib/init/entry.s            0x00000000   Number         0  entry9b.o ABSOLUTE
    ../clib/microlib/init/entry.s            0x00000000   Number         0  entry11b.o ABSOLUTE
    ../clib/microlib/init/entry.s            0x00000000   Number         0  entry7a.o ABSOLUTE
    ../clib/microlib/init/entry.s            0x00000000   Number         0  entry2.o ABSOLUTE
    ../clib/microlib/longlong.c              0x00000000   Number         0  llshl.o ABSOLUTE
    ../clib/microlib/longlong.c              0x00000000   Number         0  llushr.o ABSOLUTE
    ../clib/microlib/longlong.c              0x00000000   Number         0  llsshr.o ABSOLUTE
    ../clib/microlib/printf/printf.c         0x00000000   Number         0  printfa.o ABSOLUTE
    ../clib/microlib/printf/printf.c         0x00000000   Number         0  printf6.o ABSOLUTE
    ../clib/microlib/printf/printf.c         0x00000000   Number         0  printf5.o ABSOLUTE
    ../clib/microlib/printf/printf.c         0x00000000   Number         0  printf7.o ABSOLUTE
    ../clib/microlib/printf/printf.c         0x00000000   Number         0  printfb.o ABSOLUTE
    ../clib/microlib/printf/printf.c         0x00000000   Number         0  printf0.o ABSOLUTE
    ../clib/microlib/printf/printf.c         0x00000000   Number         0  printf1.o ABSOLUTE
    ../clib/microlib/printf/printf.c         0x00000000   Number         0  printf2.o ABSOLUTE
    ../clib/microlib/printf/printf.c         0x00000000   Number         0  printf3.o ABSOLUTE
    ../clib/microlib/printf/printf.c         0x00000000   Number         0  printf4.o ABSOLUTE
    ../clib/microlib/printf/printf.c         0x00000000   Number         0  printf8.o ABSOLUTE
    ../clib/microlib/printf/stubs.s          0x00000000   Number         0  stubs.o ABSOLUTE
    ../clib/microlib/stdio/streams.c         0x00000000   Number         0  stdout.o ABSOLUTE
    ../clib/microlib/stubs.s                 0x00000000   Number         0  iusefp.o ABSOLUTE
    ../fplib/microlib/d2f.c                  0x00000000   Number         0  d2f.o ABSOLUTE
    ../fplib/microlib/f2d.c                  0x00000000   Number         0  f2d.o ABSOLUTE
    ../fplib/microlib/fpadd.c                0x00000000   Number         0  dadd.o ABSOLUTE
    ../fplib/microlib/fpdiv.c                0x00000000   Number         0  ddiv.o ABSOLUTE
    ../fplib/microlib/fpepilogue.c           0x00000000   Number         0  fepilogue.o ABSOLUTE
    ../fplib/microlib/fpepilogue.c           0x00000000   Number         0  depilogue.o ABSOLUTE
    ../fplib/microlib/fpfix.c                0x00000000   Number         0  dfixi.o ABSOLUTE
    ../fplib/microlib/fpfix.c                0x00000000   Number         0  dfixui.o ABSOLUTE
    ../fplib/microlib/fpfix.c                0x00000000   Number         0  dfixul.o ABSOLUTE
    ../fplib/microlib/fpflt.c                0x00000000   Number         0  fflti.o ABSOLUTE
    ../fplib/microlib/fpflt.c                0x00000000   Number         0  dfltui.o ABSOLUTE
    ../fplib/microlib/fpmul.c                0x00000000   Number         0  dmul.o ABSOLUTE
    ..\Drivers\STM32F1xx_HAL_Driver\Src\stm32f1xx_hal.c 0x00000000   Number         0  stm32f1xx_hal.o ABSOLUTE
    ..\Drivers\STM32F1xx_HAL_Driver\Src\stm32f1xx_hal_cortex.c 0x00000000   Number         0  stm32f1xx_hal_cortex.o ABSOLUTE
    ..\Drivers\STM32F1xx_HAL_Driver\Src\stm32f1xx_hal_dma.c 0x00000000   Number         0  stm32f1xx_hal_dma.o ABSOLUTE
    ..\Drivers\STM32F1xx_HAL_Driver\Src\stm32f1xx_hal_flash.c 0x00000000   Number         0  stm32f1xx_hal_flash.o ABSOLUTE
    ..\Drivers\STM32F1xx_HAL_Driver\Src\stm32f1xx_hal_flash_ex.c 0x00000000   Number         0  stm32f1xx_hal_flash_ex.o ABSOLUTE
    ..\Drivers\STM32F1xx_HAL_Driver\Src\stm32f1xx_hal_gpio.c 0x00000000   Number         0  stm32f1xx_hal_gpio.o ABSOLUTE
    ..\Drivers\STM32F1xx_HAL_Driver\Src\stm32f1xx_hal_gpio_ex.c 0x00000000   Number         0  stm32f1xx_hal_gpio_ex.o ABSOLUTE
    ..\Drivers\STM32F1xx_HAL_Driver\Src\stm32f1xx_hal_pwr.c 0x00000000   Number         0  stm32f1xx_hal_pwr.o ABSOLUTE
    ..\Drivers\STM32F1xx_HAL_Driver\Src\stm32f1xx_hal_rcc.c 0x00000000   Number         0  stm32f1xx_hal_rcc.o ABSOLUTE
    ..\Drivers\STM32F1xx_HAL_Driver\Src\stm32f1xx_hal_rcc_ex.c 0x00000000   Number         0  stm32f1xx_hal_rcc_ex.o ABSOLUTE
    ..\Drivers\STM32F1xx_HAL_Driver\Src\stm32f1xx_hal_tim.c 0x00000000   Number         0  stm32f1xx_hal_tim.o ABSOLUTE
    ..\Drivers\STM32F1xx_HAL_Driver\Src\stm32f1xx_hal_tim_ex.c 0x00000000   Number         0  stm32f1xx_hal_tim_ex.o ABSOLUTE
    ..\Drivers\STM32F1xx_HAL_Driver\Src\stm32f1xx_hal_uart.c 0x00000000   Number         0  stm32f1xx_hal_uart.o ABSOLUTE
    ..\Hal\hal_dev_ctrl.c                    0x00000000   Number         0  hal_dev_ctrl.o ABSOLUTE
    ..\HardWare\bh1750\bh1750.c              0x00000000   Number         0  bh1750.o ABSOLUTE
    ..\HardWare\pcf8563\pcf8563.c            0x00000000   Number         0  pcf8563.o ABSOLUTE
    ..\HardWare\si7020\si7020_iic.c          0x00000000   Number         0  si7020_iic.o ABSOLUTE
    ..\HardWare\tm1638\tm1638.c              0x00000000   Number         0  tm1638.o ABSOLUTE
    ..\Src\gpio.c                            0x00000000   Number         0  gpio.o ABSOLUTE
    ..\Src\main.c                            0x00000000   Number         0  main.o ABSOLUTE
    ..\Src\stm32f1xx_hal_msp.c               0x00000000   Number         0  stm32f1xx_hal_msp.o ABSOLUTE
    ..\Src\stm32f1xx_it.c                    0x00000000   Number         0  stm32f1xx_it.o ABSOLUTE
    ..\Src\usart.c                           0x00000000   Number         0  usart.o ABSOLUTE
    ..\\Hal\\hal_dev_ctrl.c                  0x00000000   Number         0  hal_dev_ctrl.o ABSOLUTE
    ..\\HardWare\\bh1750\\bh1750.c           0x00000000   Number         0  bh1750.o ABSOLUTE
    ..\\HardWare\\pcf8563\\pcf8563.c         0x00000000   Number         0  pcf8563.o ABSOLUTE
    ..\\HardWare\\si7020\\si7020_iic.c       0x00000000   Number         0  si7020_iic.o ABSOLUTE
    ..\\HardWare\\tm1638\\tm1638.c           0x00000000   Number         0  tm1638.o ABSOLUTE
    ..\\Src\system_stm32f1xx.c               0x00000000   Number         0  system_stm32f1xx.o ABSOLUTE
    cdrcmple.s                               0x00000000   Number         0  cdrcmple.o ABSOLUTE
    dc.s                                     0x00000000   Number         0  dc.o ABSOLUTE
    handlers.s                               0x00000000   Number         0  handlers.o ABSOLUTE
    init.s                                   0x00000000   Number         0  init.o ABSOLUTE
    startup_stm32f103xb.s                    0x00000000   Number         0  startup_stm32f103xb.o ABSOLUTE
    RESET                                    0x08000000   Section      236  startup_stm32f103xb.o(RESET)
    .ARM.Collect$$$$00000000                 0x080000ec   Section        0  entry.o(.ARM.Collect$$$$00000000)
    .ARM.Collect$$$$00000001                 0x080000ec   Section        4  entry2.o(.ARM.Collect$$$$00000001)
    .ARM.Collect$$$$00000004                 0x080000f0   Section        4  entry5.o(.ARM.Collect$$$$00000004)
    .ARM.Collect$$$$00000008                 0x080000f4   Section        0  entry7b.o(.ARM.Collect$$$$00000008)
    .ARM.Collect$$$$0000000A                 0x080000f4   Section        0  entry8b.o(.ARM.Collect$$$$0000000A)
    .ARM.Collect$$$$0000000B                 0x080000f4   Section        8  entry9a.o(.ARM.Collect$$$$0000000B)
    .ARM.Collect$$$$0000000D                 0x080000fc   Section        0  entry10a.o(.ARM.Collect$$$$0000000D)
    .ARM.Collect$$$$0000000F                 0x080000fc   Section        0  entry11a.o(.ARM.Collect$$$$0000000F)
    .ARM.Collect$$$$00002712                 0x080000fc   Section        4  entry2.o(.ARM.Collect$$$$00002712)
    __lit__00000000                          0x080000fc   Data           4  entry2.o(.ARM.Collect$$$$00002712)
    .text                                    0x08000100   Section       36  startup_stm32f103xb.o(.text)
    .text                                    0x08000124   Section        0  llushr.o(.text)
    .text                                    0x08000144   Section        0  dadd.o(.text)
    .text                                    0x08000292   Section        0  dmul.o(.text)
    .text                                    0x08000376   Section        0  ddiv.o(.text)
    .text                                    0x08000454   Section        0  fflti.o(.text)
    .text                                    0x08000466   Section        0  dfltui.o(.text)
    .text                                    0x08000480   Section        0  dfixi.o(.text)
    .text                                    0x080004be   Section        0  dfixui.o(.text)
    .text                                    0x080004f0   Section        0  f2d.o(.text)
    .text                                    0x08000516   Section        0  d2f.o(.text)
    .text                                    0x0800054e   Section        0  uidiv.o(.text)
    .text                                    0x0800057a   Section        0  uldiv.o(.text)
    .text                                    0x080005dc   Section        0  llshl.o(.text)
    .text                                    0x080005fa   Section        0  llsshr.o(.text)
    .text                                    0x0800061e   Section        0  iusefp.o(.text)
    .text                                    0x0800061e   Section        0  fepilogue.o(.text)
    .text                                    0x0800068c   Section        0  depilogue.o(.text)
    .text                                    0x08000746   Section        0  dfixul.o(.text)
    .text                                    0x08000778   Section       48  cdrcmple.o(.text)
    .text                                    0x080007a8   Section       36  init.o(.text)
    i.BH1750_IIC_Ack                         0x080007cc   Section        0  bh1750.o(i.BH1750_IIC_Ack)
    i.BH1750_IIC_Init                        0x08000828   Section        0  bh1750.o(i.BH1750_IIC_Init)
    i.BH1750_IIC_NAck                        0x08000884   Section        0  bh1750.o(i.BH1750_IIC_NAck)
    i.BH1750_IIC_Read_Byte                   0x080008e0   Section        0  bh1750.o(i.BH1750_IIC_Read_Byte)
    i.BH1750_IIC_Send_Byte                   0x08000958   Section        0  bh1750.o(i.BH1750_IIC_Send_Byte)
    i.BH1750_IIC_Start                       0x080009e0   Section        0  bh1750.o(i.BH1750_IIC_Start)
    i.BH1750_IIC_Stop                        0x08000a40   Section        0  bh1750.o(i.BH1750_IIC_Stop)
    i.BH1750_IIC_Wait_Ack                    0x08000a9c   Section        0  bh1750.o(i.BH1750_IIC_Wait_Ack)
    i.BusFault_Handler                       0x08000b14   Section        0  stm32f1xx_it.o(i.BusFault_Handler)
    i.DebugMon_Handler                       0x08000b18   Section        0  stm32f1xx_it.o(i.DebugMon_Handler)
    i.HAL_DMA_Abort_IT                       0x08000b1c   Section        0  stm32f1xx_hal_dma.o(i.HAL_DMA_Abort_IT)
    i.HAL_GPIO_Init                          0x08000bcc   Section        0  stm32f1xx_hal_gpio.o(i.HAL_GPIO_Init)
    i.HAL_GPIO_ReadPin                       0x08000ee8   Section        0  stm32f1xx_hal_gpio.o(i.HAL_GPIO_ReadPin)
    i.HAL_GPIO_WritePin                      0x08000ef8   Section        0  stm32f1xx_hal_gpio.o(i.HAL_GPIO_WritePin)
    i.HAL_GetTick                            0x08000f04   Section        0  stm32f1xx_hal.o(i.HAL_GetTick)
    i.HAL_IncTick                            0x08000f10   Section        0  stm32f1xx_hal.o(i.HAL_IncTick)
    i.HAL_Init                               0x08000f28   Section        0  stm32f1xx_hal.o(i.HAL_Init)
    i.HAL_InitTick                           0x08000f50   Section        0  stm32f1xx_hal.o(i.HAL_InitTick)
    i.HAL_MspInit                            0x08000f9c   Section        0  stm32f1xx_hal_msp.o(i.HAL_MspInit)
    i.HAL_NVIC_EnableIRQ                     0x08001044   Section        0  stm32f1xx_hal_cortex.o(i.HAL_NVIC_EnableIRQ)
    i.HAL_NVIC_SetPriority                   0x0800105e   Section        0  stm32f1xx_hal_cortex.o(i.HAL_NVIC_SetPriority)
    i.HAL_NVIC_SetPriorityGrouping           0x080010dc   Section        0  stm32f1xx_hal_cortex.o(i.HAL_NVIC_SetPriorityGrouping)
    i.HAL_RCC_ClockConfig                    0x08001104   Section        0  stm32f1xx_hal_rcc.o(i.HAL_RCC_ClockConfig)
    i.HAL_RCC_GetHCLKFreq                    0x080012a8   Section        0  stm32f1xx_hal_rcc.o(i.HAL_RCC_GetHCLKFreq)
    i.HAL_RCC_GetPCLK1Freq                   0x080012b4   Section        0  stm32f1xx_hal_rcc.o(i.HAL_RCC_GetPCLK1Freq)
    i.HAL_RCC_GetPCLK2Freq                   0x080012d4   Section        0  stm32f1xx_hal_rcc.o(i.HAL_RCC_GetPCLK2Freq)
    i.HAL_RCC_GetSysClockFreq                0x080012f4   Section        0  stm32f1xx_hal_rcc.o(i.HAL_RCC_GetSysClockFreq)
    i.HAL_RCC_OscConfig                      0x08001388   Section        0  stm32f1xx_hal_rcc.o(i.HAL_RCC_OscConfig)
    i.HAL_SYSTICK_CLKSourceConfig            0x080017c8   Section        0  stm32f1xx_hal_cortex.o(i.HAL_SYSTICK_CLKSourceConfig)
    i.HAL_SYSTICK_Callback                   0x080017f0   Section        0  stm32f1xx_hal_cortex.o(i.HAL_SYSTICK_Callback)
    i.HAL_SYSTICK_Config                     0x0800182c   Section        0  stm32f1xx_hal_cortex.o(i.HAL_SYSTICK_Config)
    i.HAL_SYSTICK_IRQHandler                 0x08001860   Section        0  stm32f1xx_hal_cortex.o(i.HAL_SYSTICK_IRQHandler)
    i.HAL_UART_ErrorCallback                 0x08001868   Section        0  stm32f1xx_hal_uart.o(i.HAL_UART_ErrorCallback)
    i.HAL_UART_IRQHandler                    0x0800186c   Section        0  stm32f1xx_hal_uart.o(i.HAL_UART_IRQHandler)
    i.HAL_UART_Init                          0x080019b8   Section        0  stm32f1xx_hal_uart.o(i.HAL_UART_Init)
    i.HAL_UART_MspInit                       0x08001a2c   Section        0  usart.o(i.HAL_UART_MspInit)
    i.HAL_UART_RxCpltCallback                0x08001aa0   Section        0  stm32f1xx_hal_uart.o(i.HAL_UART_RxCpltCallback)
    i.HAL_UART_Transmit_IT                   0x08001aa2   Section        0  stm32f1xx_hal_uart.o(i.HAL_UART_Transmit_IT)
    i.HAL_UART_TxCpltCallback                0x08001afc   Section        0  main.o(i.HAL_UART_TxCpltCallback)
    i.HardFault_Handler                      0x08001b08   Section        0  stm32f1xx_it.o(i.HardFault_Handler)
    i.MX_GPIO_Init                           0x08001b0c   Section        0  gpio.o(i.MX_GPIO_Init)
    i.MX_USART1_UART_Init                    0x08001b80   Section        0  usart.o(i.MX_USART1_UART_Init)
    i.MemManage_Handler                      0x08001bcc   Section        0  stm32f1xx_it.o(i.MemManage_Handler)
    i.NMI_Handler                            0x08001bd0   Section        0  stm32f1xx_it.o(i.NMI_Handler)
    i.NVIC_GetPriorityGrouping               0x08001bd4   Section        0  stm32f1xx_hal_cortex.o(i.NVIC_GetPriorityGrouping)
    NVIC_GetPriorityGrouping                 0x08001bd5   Thumb Code    10  stm32f1xx_hal_cortex.o(i.NVIC_GetPriorityGrouping)
    i.NVIC_SetPriority                       0x08001be4   Section        0  stm32f1xx_hal_cortex.o(i.NVIC_SetPriority)
    NVIC_SetPriority                         0x08001be5   Thumb Code    32  stm32f1xx_hal_cortex.o(i.NVIC_SetPriority)
    i.PCF8563_IIC_Ack                        0x08001c0c   Section        0  pcf8563.o(i.PCF8563_IIC_Ack)
    i.PCF8563_IIC_Init                       0x08001c60   Section        0  pcf8563.o(i.PCF8563_IIC_Init)
    i.PCF8563_IIC_NAck                       0x08001cbc   Section        0  pcf8563.o(i.PCF8563_IIC_NAck)
    i.PCF8563_IIC_Read_Byte                  0x08001d10   Section        0  pcf8563.o(i.PCF8563_IIC_Read_Byte)
    i.PCF8563_IIC_Send_Byte                  0x08001d80   Section        0  pcf8563.o(i.PCF8563_IIC_Send_Byte)
    i.PCF8563_IIC_Start                      0x08001dfc   Section        0  pcf8563.o(i.PCF8563_IIC_Start)
    i.PCF8563_IIC_Stop                       0x08001e50   Section        0  pcf8563.o(i.PCF8563_IIC_Stop)
    i.PCF8563_IIC_Wait_Ack                   0x08001ea4   Section        0  pcf8563.o(i.PCF8563_IIC_Wait_Ack)
    i.PCF8563_ReadOneByte                    0x08001f10   Section        0  pcf8563.o(i.PCF8563_ReadOneByte)
    i.PCF8563_ReadTime                       0x08001f4c   Section        0  pcf8563.o(i.PCF8563_ReadTime)
    i.PCF8563_WriteOneByte                   0x08001ff4   Section        0  pcf8563.o(i.PCF8563_WriteOneByte)
    i.PCF8563_WriteTime                      0x0800202c   Section        0  pcf8563.o(i.PCF8563_WriteTime)
    i.PendSV_Handler                         0x080020c0   Section        0  stm32f1xx_it.o(i.PendSV_Handler)
    i.RCC_Delay                              0x080020c4   Section        0  stm32f1xx_hal_rcc.o(i.RCC_Delay)
    RCC_Delay                                0x080020c5   Thumb Code    36  stm32f1xx_hal_rcc.o(i.RCC_Delay)
    i.SI7020_IIC_Ack                         0x080020ec   Section        0  si7020_iic.o(i.SI7020_IIC_Ack)
    i.SI7020_IIC_Init                        0x08002148   Section        0  si7020_iic.o(i.SI7020_IIC_Init)
    i.SI7020_IIC_NAck                        0x080021a4   Section        0  si7020_iic.o(i.SI7020_IIC_NAck)
    i.SI7020_IIC_Read_Byte                   0x08002200   Section        0  si7020_iic.o(i.SI7020_IIC_Read_Byte)
    i.SI7020_IIC_Send_Byte                   0x08002278   Section        0  si7020_iic.o(i.SI7020_IIC_Send_Byte)
    i.SI7020_IIC_Start                       0x08002300   Section        0  si7020_iic.o(i.SI7020_IIC_Start)
    i.SI7020_IIC_Stop                        0x08002360   Section        0  si7020_iic.o(i.SI7020_IIC_Stop)
    i.SI7020_IIC_Wait_Ack                    0x080023bc   Section        0  si7020_iic.o(i.SI7020_IIC_Wait_Ack)
    i.SVC_Handler                            0x08002434   Section        0  stm32f1xx_it.o(i.SVC_Handler)
    i.SysTick_Handler                        0x08002436   Section        0  stm32f1xx_it.o(i.SysTick_Handler)
    i.SystemClock_Config                     0x08002444   Section        0  main.o(i.SystemClock_Config)
    i.SystemInit                             0x080024cc   Section        0  system_stm32f1xx.o(i.SystemInit)
    i.TM1638_Init                            0x08002524   Section        0  tm1638.o(i.TM1638_Init)
    i.TM1638_Write                           0x080025c0   Section        0  tm1638.o(i.TM1638_Write)
    i.UART_DMAAbortOnError                   0x08002608   Section        0  stm32f1xx_hal_uart.o(i.UART_DMAAbortOnError)
    UART_DMAAbortOnError                     0x08002609   Thumb Code    20  stm32f1xx_hal_uart.o(i.UART_DMAAbortOnError)
    i.UART_EndRxTransfer                     0x0800261c   Section        0  stm32f1xx_hal_uart.o(i.UART_EndRxTransfer)
    UART_EndRxTransfer                       0x0800261d   Thumb Code    32  stm32f1xx_hal_uart.o(i.UART_EndRxTransfer)
    i.UART_EndTransmit_IT                    0x0800263c   Section        0  stm32f1xx_hal_uart.o(i.UART_EndTransmit_IT)
    UART_EndTransmit_IT                      0x0800263d   Thumb Code    32  stm32f1xx_hal_uart.o(i.UART_EndTransmit_IT)
    i.UART_Receive_IT                        0x0800265c   Section        0  stm32f1xx_hal_uart.o(i.UART_Receive_IT)
    UART_Receive_IT                          0x0800265d   Thumb Code   166  stm32f1xx_hal_uart.o(i.UART_Receive_IT)
    i.UART_SetConfig                         0x08002704   Section        0  stm32f1xx_hal_uart.o(i.UART_SetConfig)
    UART_SetConfig                           0x08002705   Thumb Code   450  stm32f1xx_hal_uart.o(i.UART_SetConfig)
    i.UART_Transmit_IT                       0x080028cc   Section        0  stm32f1xx_hal_uart.o(i.UART_Transmit_IT)
    UART_Transmit_IT                         0x080028cd   Thumb Code   104  stm32f1xx_hal_uart.o(i.UART_Transmit_IT)
    i.USART1_IRQHandler                      0x08002934   Section        0  stm32f1xx_it.o(i.USART1_IRQHandler)
    i.UsageFault_Handler                     0x08002944   Section        0  stm32f1xx_it.o(i.UsageFault_Handler)
    i._Error_Handler                         0x08002948   Section        0  main.o(i._Error_Handler)
    i.__0printf                              0x0800294c   Section        0  printfa.o(i.__0printf)
    i.__get_PRIMASK                          0x0800296c   Section        0  hal_dev_ctrl.o(i.__get_PRIMASK)
    __get_PRIMASK                            0x0800296d   Thumb Code     6  hal_dev_ctrl.o(i.__get_PRIMASK)
    i.__scatterload_copy                     0x08002972   Section       14  handlers.o(i.__scatterload_copy)
    i.__scatterload_null                     0x08002980   Section        2  handlers.o(i.__scatterload_null)
    i.__scatterload_zeroinit                 0x08002982   Section       14  handlers.o(i.__scatterload_zeroinit)
    i.__set_PRIMASK                          0x08002990   Section        0  hal_dev_ctrl.o(i.__set_PRIMASK)
    __set_PRIMASK                            0x08002991   Thumb Code     6  hal_dev_ctrl.o(i.__set_PRIMASK)
    i._fp_digits                             0x08002998   Section        0  printfa.o(i._fp_digits)
    _fp_digits                               0x08002999   Thumb Code   334  printfa.o(i._fp_digits)
    i._printf_core                           0x08002afc   Section        0  printfa.o(i._printf_core)
    _printf_core                             0x08002afd   Thumb Code  1744  printfa.o(i._printf_core)
    i._printf_post_padding                   0x080031d8   Section        0  printfa.o(i._printf_post_padding)
    _printf_post_padding                     0x080031d9   Thumb Code    36  printfa.o(i._printf_post_padding)
    i._printf_pre_padding                    0x080031fc   Section        0  printfa.o(i._printf_pre_padding)
    _printf_pre_padding                      0x080031fd   Thumb Code    46  printfa.o(i._printf_pre_padding)
    i.bh1750_delay_us                        0x0800322a   Section        0  bh1750.o(i.bh1750_delay_us)
    i.delay                                  0x08003240   Section        0  main.o(i.delay)
    i.delay_us                               0x08003258   Section        0  si7020_iic.o(i.delay_us)
    i.display                                0x08003270   Section        0  tm1638.o(i.display)
    i.fputc                                  0x08003350   Section        0  main.o(i.fputc)
    i.main                                   0x0800337c   Section        0  main.o(i.main)
    i.multipleReadBH1750                     0x080035f0   Section        0  bh1750.o(i.multipleReadBH1750)
    i.pcf8563_delay_us                       0x0800368c   Section        0  pcf8563.o(i.pcf8563_delay_us)
    i.si7020Measure                          0x080036a4   Section        0  si7020_iic.o(i.si7020Measure)
    i.singleWriteBH1750                      0x08003758   Section        0  bh1750.o(i.singleWriteBH1750)
    i.sys_tick                               0x0800377c   Section        0  hal_dev_ctrl.o(i.sys_tick)
    sys_tick                                 0x0800377d   Thumb Code   234  hal_dev_ctrl.o(i.sys_tick)
    i.task_100ms                             0x0800387c   Section        0  hal_dev_ctrl.o(i.task_100ms)
    task_100ms                               0x0800387d   Thumb Code     2  hal_dev_ctrl.o(i.task_100ms)
    i.task_20ms                              0x0800387e   Section        0  hal_dev_ctrl.o(i.task_20ms)
    task_20ms                                0x0800387f   Thumb Code     2  hal_dev_ctrl.o(i.task_20ms)
    i.task_handle                            0x08003880   Section        0  hal_dev_ctrl.o(i.task_handle)
    i.task_sec                               0x080038e4   Section        0  hal_dev_ctrl.o(i.task_sec)
    task_sec                                 0x080038e5   Thumb Code    40  hal_dev_ctrl.o(i.task_sec)
    i.writeCMD                               0x08003924   Section        0  tm1638.o(i.writeCMD)
    i.writeData                              0x08003948   Section        0  tm1638.o(i.writeData)
    .constdata                               0x0800397c   Section       24  system_stm32f1xx.o(.constdata)
    .data                                    0x20000000   Section       40  main.o(.data)
    .data                                    0x20000028   Section        9  stm32f1xx_hal.o(.data)
    .data                                    0x20000034   Section        4  system_stm32f1xx.o(.data)
    .data                                    0x20000038   Section        3  si7020_iic.o(.data)
    .data                                    0x2000003c   Section       28  pcf8563.o(.data)
    .data                                    0x20000058   Section        8  bh1750.o(.data)
    .data                                    0x20000060   Section       16  tm1638.o(.data)
    .data                                    0x20000070   Section       63  hal_dev_ctrl.o(.data)
    _msec                                    0x200000ac   Data           1  hal_dev_ctrl.o(.data)
    _sec                                     0x200000ad   Data           1  hal_dev_ctrl.o(.data)
    tick_cnt                                 0x200000ae   Data           1  hal_dev_ctrl.o(.data)
    .data                                    0x200000b0   Section        4  stdout.o(.data)
    .bss                                     0x200000b4   Section       10  main.o(.bss)
    .bss                                     0x200000c0   Section       64  usart.o(.bss)
    STACK                                    0x20000100   Section     1024  startup_stm32f103xb.o(STACK)

    Global Symbols

    Symbol Name                              Value     Ov Type        Size  Object(Section)

    BuildAttributes$$THM_ISAv4$P$D$K$B$S$PE$A:L22UL41UL21$X:L11$S22US41US21$IEEE1$IW$USESV6$~STKCKD$USESV7$~SHL$OTIME$ROPI$EBA8$MICROLIB$REQ8$PRES8$EABIv2 0x00000000   Number         0  anon$$obj.o ABSOLUTE
    __ARM_use_no_argv                        0x00000000   Number         0  main.o ABSOLUTE
    _printf_a                                0x00000000   Number         0  stubs.o ABSOLUTE
    _printf_c                                0x00000000   Number         0  stubs.o ABSOLUTE
    _printf_charcount                        0x00000000   Number         0  stubs.o ABSOLUTE
    _printf_d                                0x00000000   Number         0  stubs.o ABSOLUTE
    _printf_e                                0x00000000   Number         0  stubs.o ABSOLUTE
    _printf_f                                0x00000000   Number         0  stubs.o ABSOLUTE
    _printf_flags                            0x00000000   Number         0  stubs.o ABSOLUTE
    _printf_fp_dec                           0x00000000   Number         0  stubs.o ABSOLUTE
    _printf_fp_hex                           0x00000000   Number         0  stubs.o ABSOLUTE
    _printf_g                                0x00000000   Number         0  stubs.o ABSOLUTE
    _printf_i                                0x00000000   Number         0  stubs.o ABSOLUTE
    _printf_int_dec                          0x00000000   Number         0  stubs.o ABSOLUTE
    _printf_l                                0x00000000   Number         0  stubs.o ABSOLUTE
    _printf_lc                               0x00000000   Number         0  stubs.o ABSOLUTE
    _printf_ll                               0x00000000   Number         0  stubs.o ABSOLUTE
    _printf_lld                              0x00000000   Number         0  stubs.o ABSOLUTE
    _printf_lli                              0x00000000   Number         0  stubs.o ABSOLUTE
    _printf_llo                              0x00000000   Number         0  stubs.o ABSOLUTE
    _printf_llu                              0x00000000   Number         0  stubs.o ABSOLUTE
    _printf_llx                              0x00000000   Number         0  stubs.o ABSOLUTE
    _printf_longlong_dec                     0x00000000   Number         0  stubs.o ABSOLUTE
    _printf_longlong_hex                     0x00000000   Number         0  stubs.o ABSOLUTE
    _printf_longlong_oct                     0x00000000   Number         0  stubs.o ABSOLUTE
    _printf_ls                               0x00000000   Number         0  stubs.o ABSOLUTE
    _printf_mbtowc                           0x00000000   Number         0  stubs.o ABSOLUTE
    _printf_n                                0x00000000   Number         0  stubs.o ABSOLUTE
    _printf_o                                0x00000000   Number         0  stubs.o ABSOLUTE
    _printf_p                                0x00000000   Number         0  stubs.o ABSOLUTE
    _printf_percent                          0x00000000   Number         0  stubs.o ABSOLUTE
    _printf_pre_padding                      0x00000000   Number         0  stubs.o ABSOLUTE
    _printf_return_value                     0x00000000   Number         0  stubs.o ABSOLUTE
    _printf_s                                0x00000000   Number         0  stubs.o ABSOLUTE
    _printf_sizespec                         0x00000000   Number         0  stubs.o ABSOLUTE
    _printf_str                              0x00000000   Number         0  stubs.o ABSOLUTE
    _printf_truncate_signed                  0x00000000   Number         0  stubs.o ABSOLUTE
    _printf_truncate_unsigned                0x00000000   Number         0  stubs.o ABSOLUTE
    _printf_u                                0x00000000   Number         0  stubs.o ABSOLUTE
    _printf_wc                               0x00000000   Number         0  stubs.o ABSOLUTE
    _printf_wctomb                           0x00000000   Number         0  stubs.o ABSOLUTE
    _printf_widthprec                        0x00000000   Number         0  stubs.o ABSOLUTE
    _printf_x                                0x00000000   Number         0  stubs.o ABSOLUTE
    __cpp_initialize__aeabi_                  - Undefined Weak Reference
    __cxa_finalize                            - Undefined Weak Reference
    __decompress                              - Undefined Weak Reference
    _clock_init                               - Undefined Weak Reference
    _microlib_exit                            - Undefined Weak Reference
    __Vectors_Size                           0x000000ec   Number         0  startup_stm32f103xb.o ABSOLUTE
    __Vectors                                0x08000000   Data           4  startup_stm32f103xb.o(RESET)
    __Vectors_End                            0x080000ec   Data           0  startup_stm32f103xb.o(RESET)
    __main                                   0x080000ed   Thumb Code     0  entry.o(.ARM.Collect$$$$00000000)
    _main_stk                                0x080000ed   Thumb Code     0  entry2.o(.ARM.Collect$$$$00000001)
    _main_scatterload                        0x080000f1   Thumb Code     0  entry5.o(.ARM.Collect$$$$00000004)
    __main_after_scatterload                 0x080000f5   Thumb Code     0  entry5.o(.ARM.Collect$$$$00000004)
    _main_clock                              0x080000f5   Thumb Code     0  entry7b.o(.ARM.Collect$$$$00000008)
    _main_cpp_init                           0x080000f5   Thumb Code     0  entry8b.o(.ARM.Collect$$$$0000000A)
    _main_init                               0x080000f5   Thumb Code     0  entry9a.o(.ARM.Collect$$$$0000000B)
    __rt_final_cpp                           0x080000fd   Thumb Code     0  entry10a.o(.ARM.Collect$$$$0000000D)
    __rt_final_exit                          0x080000fd   Thumb Code     0  entry11a.o(.ARM.Collect$$$$0000000F)
    Reset_Handler                            0x08000101   Thumb Code     8  startup_stm32f103xb.o(.text)
    ADC1_2_IRQHandler                        0x0800011b   Thumb Code     0  startup_stm32f103xb.o(.text)
    CAN1_RX1_IRQHandler                      0x0800011b   Thumb Code     0  startup_stm32f103xb.o(.text)
    CAN1_SCE_IRQHandler                      0x0800011b   Thumb Code     0  startup_stm32f103xb.o(.text)
    DMA1_Channel1_IRQHandler                 0x0800011b   Thumb Code     0  startup_stm32f103xb.o(.text)
    DMA1_Channel2_IRQHandler                 0x0800011b   Thumb Code     0  startup_stm32f103xb.o(.text)
    DMA1_Channel3_IRQHandler                 0x0800011b   Thumb Code     0  startup_stm32f103xb.o(.text)
    DMA1_Channel4_IRQHandler                 0x0800011b   Thumb Code     0  startup_stm32f103xb.o(.text)
    DMA1_Channel5_IRQHandler                 0x0800011b   Thumb Code     0  startup_stm32f103xb.o(.text)
    DMA1_Channel6_IRQHandler                 0x0800011b   Thumb Code     0  startup_stm32f103xb.o(.text)
    DMA1_Channel7_IRQHandler                 0x0800011b   Thumb Code     0  startup_stm32f103xb.o(.text)
    EXTI0_IRQHandler                         0x0800011b   Thumb Code     0  startup_stm32f103xb.o(.text)
    EXTI15_10_IRQHandler                     0x0800011b   Thumb Code     0  startup_stm32f103xb.o(.text)
    EXTI1_IRQHandler                         0x0800011b   Thumb Code     0  startup_stm32f103xb.o(.text)
    EXTI2_IRQHandler                         0x0800011b   Thumb Code     0  startup_stm32f103xb.o(.text)
    EXTI3_IRQHandler                         0x0800011b   Thumb Code     0  startup_stm32f103xb.o(.text)
    EXTI4_IRQHandler                         0x0800011b   Thumb Code     0  startup_stm32f103xb.o(.text)
    EXTI9_5_IRQHandler                       0x0800011b   Thumb Code     0  startup_stm32f103xb.o(.text)
    FLASH_IRQHandler                         0x0800011b   Thumb Code     0  startup_stm32f103xb.o(.text)
    I2C1_ER_IRQHandler                       0x0800011b   Thumb Code     0  startup_stm32f103xb.o(.text)
    I2C1_EV_IRQHandler                       0x0800011b   Thumb Code     0  startup_stm32f103xb.o(.text)
    I2C2_ER_IRQHandler                       0x0800011b   Thumb Code     0  startup_stm32f103xb.o(.text)
    I2C2_EV_IRQHandler                       0x0800011b   Thumb Code     0  startup_stm32f103xb.o(.text)
    PVD_IRQHandler                           0x0800011b   Thumb Code     0  startup_stm32f103xb.o(.text)
    RCC_IRQHandler                           0x0800011b   Thumb Code     0  startup_stm32f103xb.o(.text)
    RTC_Alarm_IRQHandler                     0x0800011b   Thumb Code     0  startup_stm32f103xb.o(.text)
    RTC_IRQHandler                           0x0800011b   Thumb Code     0  startup_stm32f103xb.o(.text)
    SPI1_IRQHandler                          0x0800011b   Thumb Code     0  startup_stm32f103xb.o(.text)
    SPI2_IRQHandler                          0x0800011b   Thumb Code     0  startup_stm32f103xb.o(.text)
    TAMPER_IRQHandler                        0x0800011b   Thumb Code     0  startup_stm32f103xb.o(.text)
    TIM1_BRK_IRQHandler                      0x0800011b   Thumb Code     0  startup_stm32f103xb.o(.text)
    TIM1_CC_IRQHandler                       0x0800011b   Thumb Code     0  startup_stm32f103xb.o(.text)
    TIM1_TRG_COM_IRQHandler                  0x0800011b   Thumb Code     0  startup_stm32f103xb.o(.text)
    TIM1_UP_IRQHandler                       0x0800011b   Thumb Code     0  startup_stm32f103xb.o(.text)
    TIM2_IRQHandler                          0x0800011b   Thumb Code     0  startup_stm32f103xb.o(.text)
    TIM3_IRQHandler                          0x0800011b   Thumb Code     0  startup_stm32f103xb.o(.text)
    TIM4_IRQHandler                          0x0800011b   Thumb Code     0  startup_stm32f103xb.o(.text)
    USART2_IRQHandler                        0x0800011b   Thumb Code     0  startup_stm32f103xb.o(.text)
    USART3_IRQHandler                        0x0800011b   Thumb Code     0  startup_stm32f103xb.o(.text)
    USBWakeUp_IRQHandler                     0x0800011b   Thumb Code     0  startup_stm32f103xb.o(.text)
    USB_HP_CAN1_TX_IRQHandler                0x0800011b   Thumb Code     0  startup_stm32f103xb.o(.text)
    USB_LP_CAN1_RX0_IRQHandler               0x0800011b   Thumb Code     0  startup_stm32f103xb.o(.text)
    WWDG_IRQHandler                          0x0800011b   Thumb Code     0  startup_stm32f103xb.o(.text)
    __aeabi_llsr                             0x08000125   Thumb Code    32  llushr.o(.text)
    _ll_ushift_r                             0x08000125   Thumb Code     0  llushr.o(.text)
    __aeabi_dadd                             0x08000145   Thumb Code   322  dadd.o(.text)
    __aeabi_dsub                             0x08000287   Thumb Code     6  dadd.o(.text)
    __aeabi_drsub                            0x0800028d   Thumb Code     6  dadd.o(.text)
    __aeabi_dmul                             0x08000293   Thumb Code   228  dmul.o(.text)
    __aeabi_ddiv                             0x08000377   Thumb Code   222  ddiv.o(.text)
    __aeabi_i2f                              0x08000455   Thumb Code    18  fflti.o(.text)
    __aeabi_ui2d                             0x08000467   Thumb Code    26  dfltui.o(.text)
    __aeabi_d2iz                             0x08000481   Thumb Code    62  dfixi.o(.text)
    __aeabi_d2uiz                            0x080004bf   Thumb Code    50  dfixui.o(.text)
    __aeabi_f2d                              0x080004f1   Thumb Code    38  f2d.o(.text)
    __aeabi_d2f                              0x08000517   Thumb Code    56  d2f.o(.text)
    __aeabi_uidiv                            0x0800054f   Thumb Code     0  uidiv.o(.text)
    __aeabi_uidivmod                         0x0800054f   Thumb Code    44  uidiv.o(.text)
    __aeabi_uldivmod                         0x0800057b   Thumb Code    98  uldiv.o(.text)
    __aeabi_llsl                             0x080005dd   Thumb Code    30  llshl.o(.text)
    _ll_shift_l                              0x080005dd   Thumb Code     0  llshl.o(.text)
    __aeabi_lasr                             0x080005fb   Thumb Code    36  llsshr.o(.text)
    _ll_sshift_r                             0x080005fb   Thumb Code     0  llsshr.o(.text)
    __I$use$fp                               0x0800061f   Thumb Code     0  iusefp.o(.text)
    _float_round                             0x0800061f   Thumb Code    18  fepilogue.o(.text)
    _float_epilogue                          0x08000631   Thumb Code    92  fepilogue.o(.text)
    _double_round                            0x0800068d   Thumb Code    30  depilogue.o(.text)
    _double_epilogue                         0x080006ab   Thumb Code   156  depilogue.o(.text)
    __aeabi_d2ulz                            0x08000747   Thumb Code    48  dfixul.o(.text)
    __aeabi_cdrcmple                         0x08000779   Thumb Code    48  cdrcmple.o(.text)
    __scatterload                            0x080007a9   Thumb Code    28  init.o(.text)
    __scatterload_rt2                        0x080007a9   Thumb Code     0  init.o(.text)
    BH1750_IIC_Ack                           0x080007cd   Thumb Code    86  bh1750.o(i.BH1750_IIC_Ack)
    BH1750_IIC_Init                          0x08000829   Thumb Code    82  bh1750.o(i.BH1750_IIC_Init)
    BH1750_IIC_NAck                          0x08000885   Thumb Code    86  bh1750.o(i.BH1750_IIC_NAck)
    BH1750_IIC_Read_Byte                     0x080008e1   Thumb Code   116  bh1750.o(i.BH1750_IIC_Read_Byte)
    BH1750_IIC_Send_Byte                     0x08000959   Thumb Code   132  bh1750.o(i.BH1750_IIC_Send_Byte)
    BH1750_IIC_Start                         0x080009e1   Thumb Code    90  bh1750.o(i.BH1750_IIC_Start)
    BH1750_IIC_Stop                          0x08000a41   Thumb Code    88  bh1750.o(i.BH1750_IIC_Stop)
    BH1750_IIC_Wait_Ack                      0x08000a9d   Thumb Code   114  bh1750.o(i.BH1750_IIC_Wait_Ack)
    BusFault_Handler                         0x08000b15   Thumb Code     4  stm32f1xx_it.o(i.BusFault_Handler)
    DebugMon_Handler                         0x08000b19   Thumb Code     2  stm32f1xx_it.o(i.DebugMon_Handler)
    HAL_DMA_Abort_IT                         0x08000b1d   Thumb Code   172  stm32f1xx_hal_dma.o(i.HAL_DMA_Abort_IT)
    HAL_GPIO_Init                            0x08000bcd   Thumb Code   764  stm32f1xx_hal_gpio.o(i.HAL_GPIO_Init)
    HAL_GPIO_ReadPin                         0x08000ee9   Thumb Code    16  stm32f1xx_hal_gpio.o(i.HAL_GPIO_ReadPin)
    HAL_GPIO_WritePin                        0x08000ef9   Thumb Code    12  stm32f1xx_hal_gpio.o(i.HAL_GPIO_WritePin)
    HAL_GetTick                              0x08000f05   Thumb Code     6  stm32f1xx_hal.o(i.HAL_GetTick)
    HAL_IncTick                              0x08000f11   Thumb Code    16  stm32f1xx_hal.o(i.HAL_IncTick)
    HAL_Init                                 0x08000f29   Thumb Code    34  stm32f1xx_hal.o(i.HAL_Init)
    HAL_InitTick                             0x08000f51   Thumb Code    64  stm32f1xx_hal.o(i.HAL_InitTick)
    HAL_MspInit                              0x08000f9d   Thumb Code   158  stm32f1xx_hal_msp.o(i.HAL_MspInit)
    HAL_NVIC_EnableIRQ                       0x08001045   Thumb Code    26  stm32f1xx_hal_cortex.o(i.HAL_NVIC_EnableIRQ)
    HAL_NVIC_SetPriority                     0x0800105f   Thumb Code   124  stm32f1xx_hal_cortex.o(i.HAL_NVIC_SetPriority)
    HAL_NVIC_SetPriorityGrouping             0x080010dd   Thumb Code    32  stm32f1xx_hal_cortex.o(i.HAL_NVIC_SetPriorityGrouping)
    HAL_RCC_ClockConfig                      0x08001105   Thumb Code   402  stm32f1xx_hal_rcc.o(i.HAL_RCC_ClockConfig)
    HAL_RCC_GetHCLKFreq                      0x080012a9   Thumb Code     6  stm32f1xx_hal_rcc.o(i.HAL_RCC_GetHCLKFreq)
    HAL_RCC_GetPCLK1Freq                     0x080012b5   Thumb Code    22  stm32f1xx_hal_rcc.o(i.HAL_RCC_GetPCLK1Freq)
    HAL_RCC_GetPCLK2Freq                     0x080012d5   Thumb Code    22  stm32f1xx_hal_rcc.o(i.HAL_RCC_GetPCLK2Freq)
    HAL_RCC_GetSysClockFreq                  0x080012f5   Thumb Code   116  stm32f1xx_hal_rcc.o(i.HAL_RCC_GetSysClockFreq)
    HAL_RCC_OscConfig                        0x08001389   Thumb Code  1078  stm32f1xx_hal_rcc.o(i.HAL_RCC_OscConfig)
    HAL_SYSTICK_CLKSourceConfig              0x080017c9   Thumb Code    40  stm32f1xx_hal_cortex.o(i.HAL_SYSTICK_CLKSourceConfig)
    HAL_SYSTICK_Callback                     0x080017f1   Thumb Code    52  stm32f1xx_hal_cortex.o(i.HAL_SYSTICK_Callback)
    HAL_SYSTICK_Config                       0x0800182d   Thumb Code    52  stm32f1xx_hal_cortex.o(i.HAL_SYSTICK_Config)
    HAL_SYSTICK_IRQHandler                   0x08001861   Thumb Code     8  stm32f1xx_hal_cortex.o(i.HAL_SYSTICK_IRQHandler)
    HAL_UART_ErrorCallback                   0x08001869   Thumb Code     2  stm32f1xx_hal_uart.o(i.HAL_UART_ErrorCallback)
    HAL_UART_IRQHandler                      0x0800186d   Thumb Code   326  stm32f1xx_hal_uart.o(i.HAL_UART_IRQHandler)
    HAL_UART_Init                            0x080019b9   Thumb Code   114  stm32f1xx_hal_uart.o(i.HAL_UART_Init)
    HAL_UART_MspInit                         0x08001a2d   Thumb Code   102  usart.o(i.HAL_UART_MspInit)
    HAL_UART_RxCpltCallback                  0x08001aa1   Thumb Code     2  stm32f1xx_hal_uart.o(i.HAL_UART_RxCpltCallback)
    HAL_UART_Transmit_IT                     0x08001aa3   Thumb Code    88  stm32f1xx_hal_uart.o(i.HAL_UART_Transmit_IT)
    HAL_UART_TxCpltCallback                  0x08001afd   Thumb Code     8  main.o(i.HAL_UART_TxCpltCallback)
    HardFault_Handler                        0x08001b09   Thumb Code     4  stm32f1xx_it.o(i.HardFault_Handler)
    MX_GPIO_Init                             0x08001b0d   Thumb Code   104  gpio.o(i.MX_GPIO_Init)
    MX_USART1_UART_Init                      0x08001b81   Thumb Code    50  usart.o(i.MX_USART1_UART_Init)
    MemManage_Handler                        0x08001bcd   Thumb Code     4  stm32f1xx_it.o(i.MemManage_Handler)
    NMI_Handler                              0x08001bd1   Thumb Code     2  stm32f1xx_it.o(i.NMI_Handler)
    PCF8563_IIC_Ack                          0x08001c0d   Thumb Code    78  pcf8563.o(i.PCF8563_IIC_Ack)
    PCF8563_IIC_Init                         0x08001c61   Thumb Code    82  pcf8563.o(i.PCF8563_IIC_Init)
    PCF8563_IIC_NAck                         0x08001cbd   Thumb Code    78  pcf8563.o(i.PCF8563_IIC_NAck)
    PCF8563_IIC_Read_Byte                    0x08001d11   Thumb Code   106  pcf8563.o(i.PCF8563_IIC_Read_Byte)
    PCF8563_IIC_Send_Byte                    0x08001d81   Thumb Code   118  pcf8563.o(i.PCF8563_IIC_Send_Byte)
    PCF8563_IIC_Start                        0x08001dfd   Thumb Code    78  pcf8563.o(i.PCF8563_IIC_Start)
    PCF8563_IIC_Stop                         0x08001e51   Thumb Code    78  pcf8563.o(i.PCF8563_IIC_Stop)
    PCF8563_IIC_Wait_Ack                     0x08001ea5   Thumb Code   102  pcf8563.o(i.PCF8563_IIC_Wait_Ack)
    PCF8563_ReadOneByte                      0x08001f11   Thumb Code    60  pcf8563.o(i.PCF8563_ReadOneByte)
    PCF8563_ReadTime                         0x08001f4d   Thumb Code   160  pcf8563.o(i.PCF8563_ReadTime)
    PCF8563_WriteOneByte                     0x08001ff5   Thumb Code    54  pcf8563.o(i.PCF8563_WriteOneByte)
    PCF8563_WriteTime                        0x0800202d   Thumb Code   140  pcf8563.o(i.PCF8563_WriteTime)
    PendSV_Handler                           0x080020c1   Thumb Code     2  stm32f1xx_it.o(i.PendSV_Handler)
    SI7020_IIC_Ack                           0x080020ed   Thumb Code    86  si7020_iic.o(i.SI7020_IIC_Ack)
    SI7020_IIC_Init                          0x08002149   Thumb Code    82  si7020_iic.o(i.SI7020_IIC_Init)
    SI7020_IIC_NAck                          0x080021a5   Thumb Code    86  si7020_iic.o(i.SI7020_IIC_NAck)
    SI7020_IIC_Read_Byte                     0x08002201   Thumb Code   116  si7020_iic.o(i.SI7020_IIC_Read_Byte)
    SI7020_IIC_Send_Byte                     0x08002279   Thumb Code   132  si7020_iic.o(i.SI7020_IIC_Send_Byte)
    SI7020_IIC_Start                         0x08002301   Thumb Code    90  si7020_iic.o(i.SI7020_IIC_Start)
    SI7020_IIC_Stop                          0x08002361   Thumb Code    88  si7020_iic.o(i.SI7020_IIC_Stop)
    SI7020_IIC_Wait_Ack                      0x080023bd   Thumb Code   114  si7020_iic.o(i.SI7020_IIC_Wait_Ack)
    SVC_Handler                              0x08002435   Thumb Code     2  stm32f1xx_it.o(i.SVC_Handler)
    SysTick_Handler                          0x08002437   Thumb Code    12  stm32f1xx_it.o(i.SysTick_Handler)
    SystemClock_Config                       0x08002445   Thumb Code   118  main.o(i.SystemClock_Config)
    SystemInit                               0x080024cd   Thumb Code    70  system_stm32f1xx.o(i.SystemInit)
    TM1638_Init                              0x08002525   Thumb Code   148  tm1638.o(i.TM1638_Init)
    TM1638_Write                             0x080025c1   Thumb Code    68  tm1638.o(i.TM1638_Write)
    USART1_IRQHandler                        0x08002935   Thumb Code    10  stm32f1xx_it.o(i.USART1_IRQHandler)
    UsageFault_Handler                       0x08002945   Thumb Code     4  stm32f1xx_it.o(i.UsageFault_Handler)
    _Error_Handler                           0x08002949   Thumb Code     4  main.o(i._Error_Handler)
    __0printf                                0x0800294d   Thumb Code    22  printfa.o(i.__0printf)
    __1printf                                0x0800294d   Thumb Code     0  printfa.o(i.__0printf)
    __2printf                                0x0800294d   Thumb Code     0  printfa.o(i.__0printf)
    __c89printf                              0x0800294d   Thumb Code     0  printfa.o(i.__0printf)
    printf                                   0x0800294d   Thumb Code     0  printfa.o(i.__0printf)
    __scatterload_copy                       0x08002973   Thumb Code    14  handlers.o(i.__scatterload_copy)
    __scatterload_null                       0x08002981   Thumb Code     2  handlers.o(i.__scatterload_null)
    __scatterload_zeroinit                   0x08002983   Thumb Code    14  handlers.o(i.__scatterload_zeroinit)
    bh1750_delay_us                          0x0800322b   Thumb Code    22  bh1750.o(i.bh1750_delay_us)
    delay                                    0x08003241   Thumb Code    24  main.o(i.delay)
    delay_us                                 0x08003259   Thumb Code    22  si7020_iic.o(i.delay_us)
    display                                  0x08003271   Thumb Code   220  tm1638.o(i.display)
    fputc                                    0x08003351   Thumb Code    34  main.o(i.fputc)
    main                                     0x0800337d   Thumb Code   512  main.o(i.main)
    multipleReadBH1750                       0x080035f1   Thumb Code   128  bh1750.o(i.multipleReadBH1750)
    pcf8563_delay_us                         0x0800368d   Thumb Code    22  pcf8563.o(i.pcf8563_delay_us)
    si7020Measure                            0x080036a5   Thumb Code   156  si7020_iic.o(i.si7020Measure)
    singleWriteBH1750                        0x08003759   Thumb Code    34  bh1750.o(i.singleWriteBH1750)
    task_handle                              0x08003881   Thumb Code    92  hal_dev_ctrl.o(i.task_handle)
    writeCMD                                 0x08003925   Thumb Code    32  tm1638.o(i.writeCMD)
    writeData                                0x08003949   Thumb Code    48  tm1638.o(i.writeData)
    AHBPrescTable                            0x0800397c   Data          16  system_stm32f1xx.o(.constdata)
    APBPrescTable                            0x0800398c   Data           8  system_stm32f1xx.o(.constdata)
    Region$$Table$$Base                      0x08003994   Number         0  anon$$obj.o(Region$$Table)
    Region$$Table$$Limit                     0x080039b4   Number         0  anon$$obj.o(Region$$Table)
    USART1Ready                              0x20000000   Data           1  main.o(.data)
    si7020_temperature                       0x20000008   Data           8  main.o(.data)
    si7020_humidity                          0x20000010   Data           8  main.o(.data)
    time_buffer1                             0x20000018   Data           8  main.o(.data)
    time_buffer                              0x20000020   Data           8  main.o(.data)
    uwTick                                   0x20000028   Data           4  stm32f1xx_hal.o(.data)
    uwTickPrio                               0x2000002c   Data           4  stm32f1xx_hal.o(.data)
    uwTickFreq                               0x20000030   Data           1  stm32f1xx_hal.o(.data)
    SystemCoreClock                          0x20000034   Data           4  system_stm32f1xx.o(.data)
    si70xx_buff                              0x20000038   Data           1  si7020_iic.o(.data)
    si70xx_data                              0x20000039   Data           2  si7020_iic.o(.data)
    time_buf1                                0x2000003c   Data           8  pcf8563.o(.data)
    time_buf                                 0x20000044   Data           8  pcf8563.o(.data)
    time_buf2                                0x2000004c   Data           8  pcf8563.o(.data)
    time_buf1_sp                             0x20000054   Data           4  pcf8563.o(.data)
    luxBuff                                  0x20000058   Data           2  bh1750.o(.data)
    lux_data                                 0x2000005c   Data           4  bh1750.o(.data)
    tab                                      0x20000060   Data          16  tm1638.o(.data)
    deltms                                   0x20000070   Data           4  hal_dev_ctrl.o(.data)
    task_monitor                             0x20000074   Data           4  hal_dev_ctrl.o(.data)
    sys_counter                              0x20000078   Data           4  hal_dev_ctrl.o(.data)
    tasks                                    0x2000007c   Data          48  hal_dev_ctrl.o(.data)
    __stdout                                 0x200000b0   Data           4  stdout.o(.data)
    displayNumber                            0x200000b4   Data          10  main.o(.bss)
    huart1                                   0x200000c0   Data          64  usart.o(.bss)
    __initial_sp                             0x20000500   Data           0  startup_stm32f103xb.o(STACK)



==============================================================================

Memory Map of the image

  Image Entry point : 0x080000ed

  Load Region LR_IROM1 (Base: 0x08000000, Size: 0x00003a68, Max: 0x00010000, ABSOLUTE)

    Execution Region ER_IROM1 (Base: 0x08000000, Size: 0x000039b4, Max: 0x00010000, ABSOLUTE)

    Base Addr    Size         Type   Attr      Idx    E Section Name        Object

    0x08000000   0x000000ec   Data   RO            3    RESET               startup_stm32f103xb.o
    0x080000ec   0x00000000   Code   RO         2094  * .ARM.Collect$$$$00000000  mc_w.l(entry.o)
    0x080000ec   0x00000004   Code   RO         2378    .ARM.Collect$$$$00000001  mc_w.l(entry2.o)
    0x080000f0   0x00000004   Code   RO         2381    .ARM.Collect$$$$00000004  mc_w.l(entry5.o)
    0x080000f4   0x00000000   Code   RO         2383    .ARM.Collect$$$$00000008  mc_w.l(entry7b.o)
    0x080000f4   0x00000000   Code   RO         2385    .ARM.Collect$$$$0000000A  mc_w.l(entry8b.o)
    0x080000f4   0x00000008   Code   RO         2386    .ARM.Collect$$$$0000000B  mc_w.l(entry9a.o)
    0x080000fc   0x00000000   Code   RO         2388    .ARM.Collect$$$$0000000D  mc_w.l(entry10a.o)
    0x080000fc   0x00000000   Code   RO         2390    .ARM.Collect$$$$0000000F  mc_w.l(entry11a.o)
    0x080000fc   0x00000004   Code   RO         2379    .ARM.Collect$$$$00002712  mc_w.l(entry2.o)
    0x08000100   0x00000024   Code   RO            4    .text               startup_stm32f103xb.o
    0x08000124   0x00000020   Code   RO         2097    .text               mc_w.l(llushr.o)
    0x08000144   0x0000014e   Code   RO         2360    .text               mf_w.l(dadd.o)
    0x08000292   0x000000e4   Code   RO         2362    .text               mf_w.l(dmul.o)
    0x08000376   0x000000de   Code   RO         2364    .text               mf_w.l(ddiv.o)
    0x08000454   0x00000012   Code   RO         2366    .text               mf_w.l(fflti.o)
    0x08000466   0x0000001a   Code   RO         2368    .text               mf_w.l(dfltui.o)
    0x08000480   0x0000003e   Code   RO         2370    .text               mf_w.l(dfixi.o)
    0x080004be   0x00000032   Code   RO         2372    .text               mf_w.l(dfixui.o)
    0x080004f0   0x00000026   Code   RO         2374    .text               mf_w.l(f2d.o)
    0x08000516   0x00000038   Code   RO         2376    .text               mf_w.l(d2f.o)
    0x0800054e   0x0000002c   Code   RO         2393    .text               mc_w.l(uidiv.o)
    0x0800057a   0x00000062   Code   RO         2395    .text               mc_w.l(uldiv.o)
    0x080005dc   0x0000001e   Code   RO         2397    .text               mc_w.l(llshl.o)
    0x080005fa   0x00000024   Code   RO         2399    .text               mc_w.l(llsshr.o)
    0x0800061e   0x00000000   Code   RO         2401    .text               mc_w.l(iusefp.o)
    0x0800061e   0x0000006e   Code   RO         2402    .text               mf_w.l(fepilogue.o)
    0x0800068c   0x000000ba   Code   RO         2404    .text               mf_w.l(depilogue.o)
    0x08000746   0x00000030   Code   RO         2406    .text               mf_w.l(dfixul.o)
    0x08000776   0x00000002   PAD
    0x08000778   0x00000030   Code   RO         2408    .text               mf_w.l(cdrcmple.o)
    0x080007a8   0x00000024   Code   RO         2410    .text               mc_w.l(init.o)
    0x080007cc   0x0000005c   Code   RO         1890    i.BH1750_IIC_Ack    bh1750.o
    0x08000828   0x0000005c   Code   RO         1891    i.BH1750_IIC_Init   bh1750.o
    0x08000884   0x0000005c   Code   RO         1892    i.BH1750_IIC_NAck   bh1750.o
    0x080008e0   0x00000078   Code   RO         1893    i.BH1750_IIC_Read_Byte  bh1750.o
    0x08000958   0x00000088   Code   RO         1894    i.BH1750_IIC_Send_Byte  bh1750.o
    0x080009e0   0x00000060   Code   RO         1895    i.BH1750_IIC_Start  bh1750.o
    0x08000a40   0x0000005c   Code   RO         1896    i.BH1750_IIC_Stop   bh1750.o
    0x08000a9c   0x00000078   Code   RO         1897    i.BH1750_IIC_Wait_Ack  bh1750.o
    0x08000b14   0x00000004   Code   RO          240    i.BusFault_Handler  stm32f1xx_it.o
    0x08000b18   0x00000002   Code   RO          241    i.DebugMon_Handler  stm32f1xx_it.o
    0x08000b1a   0x00000002   PAD
    0x08000b1c   0x000000b0   Code   RO         1119    i.HAL_DMA_Abort_IT  stm32f1xx_hal_dma.o
    0x08000bcc   0x0000031c   Code   RO         1054    i.HAL_GPIO_Init     stm32f1xx_hal_gpio.o
    0x08000ee8   0x00000010   Code   RO         1056    i.HAL_GPIO_ReadPin  stm32f1xx_hal_gpio.o
    0x08000ef8   0x0000000c   Code   RO         1058    i.HAL_GPIO_WritePin  stm32f1xx_hal_gpio.o
    0x08000f04   0x0000000c   Code   RO          760    i.HAL_GetTick       stm32f1xx_hal.o
    0x08000f10   0x00000018   Code   RO          764    i.HAL_IncTick       stm32f1xx_hal.o
    0x08000f28   0x00000028   Code   RO          765    i.HAL_Init          stm32f1xx_hal.o
    0x08000f50   0x0000004c   Code   RO          766    i.HAL_InitTick      stm32f1xx_hal.o
    0x08000f9c   0x000000a8   Code   RO          322    i.HAL_MspInit       stm32f1xx_hal_msp.o
    0x08001044   0x0000001a   Code   RO         1214    i.HAL_NVIC_EnableIRQ  stm32f1xx_hal_cortex.o
    0x0800105e   0x0000007c   Code   RO         1220    i.HAL_NVIC_SetPriority  stm32f1xx_hal_cortex.o
    0x080010da   0x00000002   PAD
    0x080010dc   0x00000028   Code   RO         1221    i.HAL_NVIC_SetPriorityGrouping  stm32f1xx_hal_cortex.o
    0x08001104   0x000001a4   Code   RO          909    i.HAL_RCC_ClockConfig  stm32f1xx_hal_rcc.o
    0x080012a8   0x0000000c   Code   RO          914    i.HAL_RCC_GetHCLKFreq  stm32f1xx_hal_rcc.o
    0x080012b4   0x00000020   Code   RO          916    i.HAL_RCC_GetPCLK1Freq  stm32f1xx_hal_rcc.o
    0x080012d4   0x00000020   Code   RO          917    i.HAL_RCC_GetPCLK2Freq  stm32f1xx_hal_rcc.o
    0x080012f4   0x00000094   Code   RO          918    i.HAL_RCC_GetSysClockFreq  stm32f1xx_hal_rcc.o
    0x08001388   0x00000440   Code   RO          921    i.HAL_RCC_OscConfig  stm32f1xx_hal_rcc.o
    0x080017c8   0x00000028   Code   RO         1223    i.HAL_SYSTICK_CLKSourceConfig  stm32f1xx_hal_cortex.o
    0x080017f0   0x0000003c   Code   RO         1224    i.HAL_SYSTICK_Callback  stm32f1xx_hal_cortex.o
    0x0800182c   0x00000034   Code   RO         1225    i.HAL_SYSTICK_Config  stm32f1xx_hal_cortex.o
    0x08001860   0x00000008   Code   RO         1226    i.HAL_SYSTICK_IRQHandler  stm32f1xx_hal_cortex.o
    0x08001868   0x00000002   Code   RO          439    i.HAL_UART_ErrorCallback  stm32f1xx_hal_uart.o
    0x0800186a   0x00000002   PAD
    0x0800186c   0x0000014c   Code   RO          442    i.HAL_UART_IRQHandler  stm32f1xx_hal_uart.o
    0x080019b8   0x00000072   Code   RO          443    i.HAL_UART_Init     stm32f1xx_hal_uart.o
    0x08001a2a   0x00000002   PAD
    0x08001a2c   0x00000074   Code   RO          199    i.HAL_UART_MspInit  usart.o
    0x08001aa0   0x00000002   Code   RO          449    i.HAL_UART_RxCpltCallback  stm32f1xx_hal_uart.o
    0x08001aa2   0x00000058   Code   RO          453    i.HAL_UART_Transmit_IT  stm32f1xx_hal_uart.o
    0x08001afa   0x00000002   PAD
    0x08001afc   0x0000000c   Code   RO           13    i.HAL_UART_TxCpltCallback  main.o
    0x08001b08   0x00000004   Code   RO          242    i.HardFault_Handler  stm32f1xx_it.o
    0x08001b0c   0x00000074   Code   RO          174    i.MX_GPIO_Init      gpio.o
    0x08001b80   0x0000004c   Code   RO          200    i.MX_USART1_UART_Init  usart.o
    0x08001bcc   0x00000004   Code   RO          243    i.MemManage_Handler  stm32f1xx_it.o
    0x08001bd0   0x00000002   Code   RO          244    i.NMI_Handler       stm32f1xx_it.o
    0x08001bd2   0x00000002   PAD
    0x08001bd4   0x00000010   Code   RO         1227    i.NVIC_GetPriorityGrouping  stm32f1xx_hal_cortex.o
    0x08001be4   0x00000028   Code   RO         1228    i.NVIC_SetPriority  stm32f1xx_hal_cortex.o
    0x08001c0c   0x00000054   Code   RO         1790    i.PCF8563_IIC_Ack   pcf8563.o
    0x08001c60   0x0000005c   Code   RO         1791    i.PCF8563_IIC_Init  pcf8563.o
    0x08001cbc   0x00000054   Code   RO         1792    i.PCF8563_IIC_NAck  pcf8563.o
    0x08001d10   0x00000070   Code   RO         1793    i.PCF8563_IIC_Read_Byte  pcf8563.o
    0x08001d80   0x0000007c   Code   RO         1794    i.PCF8563_IIC_Send_Byte  pcf8563.o
    0x08001dfc   0x00000054   Code   RO         1795    i.PCF8563_IIC_Start  pcf8563.o
    0x08001e50   0x00000054   Code   RO         1796    i.PCF8563_IIC_Stop  pcf8563.o
    0x08001ea4   0x0000006c   Code   RO         1797    i.PCF8563_IIC_Wait_Ack  pcf8563.o
    0x08001f10   0x0000003c   Code   RO         1798    i.PCF8563_ReadOneByte  pcf8563.o
    0x08001f4c   0x000000a8   Code   RO         1799    i.PCF8563_ReadTime  pcf8563.o
    0x08001ff4   0x00000036   Code   RO         1800    i.PCF8563_WriteOneByte  pcf8563.o
    0x0800202a   0x00000002   PAD
    0x0800202c   0x00000094   Code   RO         1801    i.PCF8563_WriteTime  pcf8563.o
    0x080020c0   0x00000002   Code   RO          245    i.PendSV_Handler    stm32f1xx_it.o
    0x080020c2   0x00000002   PAD
    0x080020c4   0x00000028   Code   RO          922    i.RCC_Delay         stm32f1xx_hal_rcc.o
    0x080020ec   0x0000005c   Code   RO         1709    i.SI7020_IIC_Ack    si7020_iic.o
    0x08002148   0x0000005c   Code   RO         1710    i.SI7020_IIC_Init   si7020_iic.o
    0x080021a4   0x0000005c   Code   RO         1711    i.SI7020_IIC_NAck   si7020_iic.o
    0x08002200   0x00000078   Code   RO         1712    i.SI7020_IIC_Read_Byte  si7020_iic.o
    0x08002278   0x00000088   Code   RO         1713    i.SI7020_IIC_Send_Byte  si7020_iic.o
    0x08002300   0x00000060   Code   RO         1714    i.SI7020_IIC_Start  si7020_iic.o
    0x08002360   0x0000005c   Code   RO         1715    i.SI7020_IIC_Stop   si7020_iic.o
    0x080023bc   0x00000078   Code   RO         1716    i.SI7020_IIC_Wait_Ack  si7020_iic.o
    0x08002434   0x00000002   Code   RO          246    i.SVC_Handler       stm32f1xx_it.o
    0x08002436   0x0000000c   Code   RO          247    i.SysTick_Handler   stm32f1xx_it.o
    0x08002442   0x00000002   PAD
    0x08002444   0x00000088   Code   RO           14    i.SystemClock_Config  main.o
    0x080024cc   0x00000058   Code   RO         1673    i.SystemInit        system_stm32f1xx.o
    0x08002524   0x0000009c   Code   RO         1977    i.TM1638_Init       tm1638.o
    0x080025c0   0x00000048   Code   RO         1978    i.TM1638_Write      tm1638.o
    0x08002608   0x00000014   Code   RO          456    i.UART_DMAAbortOnError  stm32f1xx_hal_uart.o
    0x0800261c   0x00000020   Code   RO          466    i.UART_EndRxTransfer  stm32f1xx_hal_uart.o
    0x0800263c   0x00000020   Code   RO          467    i.UART_EndTransmit_IT  stm32f1xx_hal_uart.o
    0x0800265c   0x000000a6   Code   RO          469    i.UART_Receive_IT   stm32f1xx_hal_uart.o
    0x08002702   0x00000002   PAD
    0x08002704   0x000001c8   Code   RO          470    i.UART_SetConfig    stm32f1xx_hal_uart.o
    0x080028cc   0x00000068   Code   RO          471    i.UART_Transmit_IT  stm32f1xx_hal_uart.o
    0x08002934   0x00000010   Code   RO          248    i.USART1_IRQHandler  stm32f1xx_it.o
    0x08002944   0x00000004   Code   RO          249    i.UsageFault_Handler  stm32f1xx_it.o
    0x08002948   0x00000004   Code   RO           15    i._Error_Handler    main.o
    0x0800294c   0x00000020   Code   RO         2332    i.__0printf         mc_w.l(printfa.o)
    0x0800296c   0x00000006   Code   RO         2034    i.__get_PRIMASK     hal_dev_ctrl.o
    0x08002972   0x0000000e   Code   RO         2414    i.__scatterload_copy  mc_w.l(handlers.o)
    0x08002980   0x00000002   Code   RO         2415    i.__scatterload_null  mc_w.l(handlers.o)
    0x08002982   0x0000000e   Code   RO         2416    i.__scatterload_zeroinit  mc_w.l(handlers.o)
    0x08002990   0x00000006   Code   RO         2035    i.__set_PRIMASK     hal_dev_ctrl.o
    0x08002996   0x00000002   PAD
    0x08002998   0x00000164   Code   RO         2339    i._fp_digits        mc_w.l(printfa.o)
    0x08002afc   0x000006dc   Code   RO         2340    i._printf_core      mc_w.l(printfa.o)
    0x080031d8   0x00000024   Code   RO         2341    i._printf_post_padding  mc_w.l(printfa.o)
    0x080031fc   0x0000002e   Code   RO         2342    i._printf_pre_padding  mc_w.l(printfa.o)
    0x0800322a   0x00000016   Code   RO         1898    i.bh1750_delay_us   bh1750.o
    0x08003240   0x00000018   Code   RO           16    i.delay             main.o
    0x08003258   0x00000016   Code   RO         1717    i.delay_us          si7020_iic.o
    0x0800326e   0x00000002   PAD
    0x08003270   0x000000e0   Code   RO         1979    i.display           tm1638.o
    0x08003350   0x0000002c   Code   RO           17    i.fputc             main.o
    0x0800337c   0x00000274   Code   RO           18    i.main              main.o
    0x080035f0   0x0000009c   Code   RO         1899    i.multipleReadBH1750  bh1750.o
    0x0800368c   0x00000016   Code   RO         1802    i.pcf8563_delay_us  pcf8563.o
    0x080036a2   0x00000002   PAD
    0x080036a4   0x000000b4   Code   RO         1718    i.si7020Measure     si7020_iic.o
    0x08003758   0x00000022   Code   RO         1900    i.singleWriteBH1750  bh1750.o
    0x0800377a   0x00000002   PAD
    0x0800377c   0x00000100   Code   RO         2036    i.sys_tick          hal_dev_ctrl.o
    0x0800387c   0x00000002   Code   RO         2037    i.task_100ms        hal_dev_ctrl.o
    0x0800387e   0x00000002   Code   RO         2038    i.task_20ms         hal_dev_ctrl.o
    0x08003880   0x00000064   Code   RO         2039    i.task_handle       hal_dev_ctrl.o
    0x080038e4   0x00000040   Code   RO         2040    i.task_sec          hal_dev_ctrl.o
    0x08003924   0x00000024   Code   RO         1981    i.writeCMD          tm1638.o
    0x08003948   0x00000034   Code   RO         1982    i.writeData         tm1638.o
    0x0800397c   0x00000018   Data   RO         1674    .constdata          system_stm32f1xx.o
    0x08003994   0x00000020   Data   RO         2412    Region$$Table       anon$$obj.o


    Execution Region RW_IRAM1 (Base: 0x20000000, Size: 0x00000500, Max: 0x00005000, ABSOLUTE)

    Base Addr    Size         Type   Attr      Idx    E Section Name        Object

    0x20000000   0x00000028   Data   RW           20    .data               main.o
    0x20000028   0x00000009   Data   RW          772    .data               stm32f1xx_hal.o
    0x20000031   0x00000003   PAD
    0x20000034   0x00000004   Data   RW         1675    .data               system_stm32f1xx.o
    0x20000038   0x00000003   Data   RW         1719    .data               si7020_iic.o
    0x2000003b   0x00000001   PAD
    0x2000003c   0x0000001c   Data   RW         1803    .data               pcf8563.o
    0x20000058   0x00000008   Data   RW         1901    .data               bh1750.o
    0x20000060   0x00000010   Data   RW         1983    .data               tm1638.o
    0x20000070   0x0000003f   Data   RW         2041    .data               hal_dev_ctrl.o
    0x200000af   0x00000001   PAD
    0x200000b0   0x00000004   Data   RW         2392    .data               mc_w.l(stdout.o)
    0x200000b4   0x0000000a   Zero   RW           19    .bss                main.o
    0x200000be   0x00000002   PAD
    0x200000c0   0x00000040   Zero   RW          201    .bss                usart.o
    0x20000100   0x00000400   Zero   RW            1    STACK               startup_stm32f103xb.o


==============================================================================

Image component sizes


      Code (inc. data)   RO Data    RW Data    ZI Data      Debug   Object Name

      1052         74          0          8          0       6684   bh1750.o
       116         12          0          0          0        823   gpio.o
       436         54          0         63          0       6350   hal_dev_ctrl.o
       848        148          0         40         10     410650   main.o
      1224         68          0         28          0       8239   pcf8563.o
      1042         70          0          3          0       6419   si7020_iic.o
        36          8        236          0       1024        792   startup_stm32f103xb.o
       152         32          0          9          0       3161   stm32f1xx_hal.o
       406         30          0          0          0      30701   stm32f1xx_hal_cortex.o
       176          4          0          0          0       1067   stm32f1xx_hal_dma.o
       824         32          0          0          0       3259   stm32f1xx_hal_gpio.o
       168         10          0          0          0        918   stm32f1xx_hal_msp.o
      1772        108          0          0          0       5856   stm32f1xx_hal_rcc.o
      1348         12          0          0          0       7484   stm32f1xx_hal_uart.o
        52          6          0          0          0       4182   stm32f1xx_it.o
        88         18         24          4          0       1135   system_stm32f1xx.o
       540         24          0         16          0       3840   tm1638.o
       192         40          0          0         64       1610   usart.o

    ----------------------------------------------------------------------
     10500        750        292        176       1100     503170   Object Totals
         0          0         32          0          0          0   (incl. Generated)
        28          0          0          5          2          0   (incl. Padding)

    ----------------------------------------------------------------------

      Code (inc. data)   RO Data    RW Data    ZI Data      Debug   Library Member Name

         0          0          0          0          0          0   entry.o
         0          0          0          0          0          0   entry10a.o
         0          0          0          0          0          0   entry11a.o
         8          4          0          0          0          0   entry2.o
         4          0          0          0          0          0   entry5.o
         0          0          0          0          0          0   entry7b.o
         0          0          0          0          0          0   entry8b.o
         8          4          0          0          0          0   entry9a.o
        30          0          0          0          0          0   handlers.o
        36          8          0          0          0         68   init.o
         0          0          0          0          0          0   iusefp.o
        30          0          0          0          0         68   llshl.o
        36          0          0          0          0         68   llsshr.o
        32          0          0          0          0         68   llushr.o
      2226         90          0          0          0        444   printfa.o
         0          0          0          4          0          0   stdout.o
        44          0          0          0          0         80   uidiv.o
        98          0          0          0          0         92   uldiv.o
        48          0          0          0          0         68   cdrcmple.o
        56          0          0          0          0         88   d2f.o
       334          0          0          0          0        148   dadd.o
       222          0          0          0          0        100   ddiv.o
       186          0          0          0          0        176   depilogue.o
        62          0          0          0          0         80   dfixi.o
        50          0          0          0          0         76   dfixui.o
        48          0          0          0          0         68   dfixul.o
        26          0          0          0          0         76   dfltui.o
       228          0          0          0          0         96   dmul.o
        38          0          0          0          0         68   f2d.o
       110          0          0          0          0        168   fepilogue.o
        18          0          0          0          0         68   fflti.o

    ----------------------------------------------------------------------
      3980        106          0          4          0       2168   Library Totals
         2          0          0          0          0          0   (incl. Padding)

    ----------------------------------------------------------------------

      Code (inc. data)   RO Data    RW Data    ZI Data      Debug   Library Name

      2552        106          0          4          0        888   mc_w.l
      1426          0          0          0          0       1280   mf_w.l

    ----------------------------------------------------------------------
      3980        106          0          4          0       2168   Library Totals

    ----------------------------------------------------------------------

==============================================================================


      Code (inc. data)   RO Data    RW Data    ZI Data      Debug   

     14480        856        292        180       1100     499302   Grand Totals
     14480        856        292        180       1100     499302   ELF Image Totals
     14480        856        292        180          0          0   ROM Totals

==============================================================================

    Total RO  Size (Code + RO Data)                14772 (  14.43kB)
    Total RW  Size (RW Data + ZI Data)              1280 (   1.25kB)
    Total ROM Size (Code + RO Data + RW Data)      14952 (  14.60kB)

==============================================================================

