<html>
<body>
<pre>
<h1>µVision Build Log</h1>
<h2>Tool Versions:</h2>
IDE-Version: ¦ÌVision V5.18a
Copyright (C) 2016 ARM Ltd and ARM Germany GmbH. All rights reserved.
License Information: 1 11, 1, LIC=LJWII-T9SPD-ZDYK6-D3SHV-BUKX5-E24TX
 
Tool Versions:
Toolchain:       MDK-ARM Professional  Version: 5.18a
Toolchain Path:  C:\Keil_v5\ARM\ARMCC\Bin
C Compiler:      Armcc.exe V5.06 update 1 (build 61)
Assembler:       Armasm.exe V5.06 update 1 (build 61)
Linker/Locator:  ArmLink.exe V5.06 update 1 (build 61)
Library Manager: ArmAr.exe V5.06 update 1 (build 61)
Hex Converter:   FromElf.exe V5.06 update 1 (build 61)
CPU DLL:         SARMCM3.DLL V5.18a
Dialog DLL:      DCM.DLL V1.13.6.0
Target DLL:      Segger\JL2CM3.dll V2.99.19.0
Dialog DLL:      TCM.DLL V1.14.8.0
 
<h2>Project:</h2>
C:\Users\HaiFeng\Desktop\STM32F103C8T6_TEST\MDK-ARM\STM32F103C8T6_TEST.uvprojx
Project File Date:  07/16/2019

<h2>Output:</h2>
*** Using Compiler 'V5.06 update 1 (build 61)', folder: 'C:\Keil_v5\ARM\ARMCC\Bin'
Build target 'STM32F103C8T6_TEST'
compiling tm1638.c...
..\HardWare\tm1638\tm1638.c(185): warning:  #1-D: last line of file ends without a newline
  }
..\HardWare\tm1638\tm1638.c(79): warning:  #177-D: variable "ii" was declared but never referenced
  	uint8_t ii;
..\HardWare\tm1638\tm1638.c(82): warning:  #177-D: variable "data00" was declared but never referenced
  	uint8_t data00=0,data01=0,data02=0,data03=0,data04=0,data05=0,data06=0,data07=0;
..\HardWare\tm1638\tm1638.c(82): warning:  #177-D: variable "data01" was declared but never referenced
  	uint8_t data00=0,data01=0,data02=0,data03=0,data04=0,data05=0,data06=0,data07=0;
..\HardWare\tm1638\tm1638.c(82): warning:  #177-D: variable "data02" was declared but never referenced
  	uint8_t data00=0,data01=0,data02=0,data03=0,data04=0,data05=0,data06=0,data07=0;
..\HardWare\tm1638\tm1638.c(82): warning:  #177-D: variable "data03" was declared but never referenced
  	uint8_t data00=0,data01=0,data02=0,data03=0,data04=0,data05=0,data06=0,data07=0;
..\HardWare\tm1638\tm1638.c(82): warning:  #177-D: variable "data04" was declared but never referenced
  	uint8_t data00=0,data01=0,data02=0,data03=0,data04=0,data05=0,data06=0,data07=0;
..\HardWare\tm1638\tm1638.c(82): warning:  #177-D: variable "data05" was declared but never referenced
  	uint8_t data00=0,data01=0,data02=0,data03=0,data04=0,data05=0,data06=0,data07=0;
..\HardWare\tm1638\tm1638.c(82): warning:  #177-D: variable "data06" was declared but never referenced
  	uint8_t data00=0,data01=0,data02=0,data03=0,data04=0,data05=0,data06=0,data07=0;
..\HardWare\tm1638\tm1638.c(82): warning:  #177-D: variable "data07" was declared but never referenced
  	uint8_t data00=0,data01=0,data02=0,data03=0,data04=0,data05=0,data06=0,data07=0;
..\HardWare\tm1638\tm1638.c: 10 warnings, 0 errors
linking...
Program Size: Code=13984 RO-data=292 RW-data=116 ZI-data=1100  
FromELF: creating hex file...
"STM32F103C8T6_TEST\STM32F103C8T6_TEST.axf" - 0 Error(s), 10 Warning(s).

<h2>Software Packages used:</h2>

Package Vendor: ARM
                http://www.keil.com/pack/ARM.CMSIS.4.5.0.pack
                ARM::CMSIS:CORE:4.3.0
                CMSIS (Cortex Microcontroller Software Interface Standard)
   * Component: CORE Version: 4.3.0

<h2>Collection of Component include folders:</h2>
  C:\Users\HaiFeng\Desktop\STM32F103C8T6_TEST\MDK-ARM\RTE
  C:\Keil_v5\ARM\PACK\ARM\CMSIS\4.5.0\CMSIS\Include
  C:\Keil_v5\ARM\PACK\Keil\STM32F1xx_DFP\2.0.0\Device\Include

<h2>Collection of Component Files used:</h2>

   * Component: ARM::CMSIS:CORE:4.3.0
Build Time Elapsed:  00:00:02
</pre>
</body>
</html>
